Component: ARM Compiler 5.06 update 7 (build 960) Tool: armlink [4d3601]

==============================================================================

Section Cross References

    startup_stm32f101xb.o(STACK) refers (Special) to heapauxi.o(.text) for __use_two_region_memory
    startup_stm32f101xb.o(HEAP) refers (Special) to heapauxi.o(.text) for __use_two_region_memory
    startup_stm32f101xb.o(RESET) refers (Special) to heapauxi.o(.text) for __use_two_region_memory
    startup_stm32f101xb.o(RESET) refers to startup_stm32f101xb.o(STACK) for __initial_sp
    startup_stm32f101xb.o(RESET) refers to startup_stm32f101xb.o(.text) for Reset_Handler
    startup_stm32f101xb.o(RESET) refers to stm32f1xx_it.o(i.NMI_Handler) for NMI_Handler
    startup_stm32f101xb.o(RESET) refers to stm32f1xx_it.o(i.HardFault_Handler) for HardFault_Handler
    startup_stm32f101xb.o(RESET) refers to stm32f1xx_it.o(i.MemManage_Handler) for MemManage_Handler
    startup_stm32f101xb.o(RESET) refers to stm32f1xx_it.o(i.BusFault_Handler) for BusFault_Handler
    startup_stm32f101xb.o(RESET) refers to stm32f1xx_it.o(i.UsageFault_Handler) for UsageFault_Handler
    startup_stm32f101xb.o(RESET) refers to stm32f1xx_it.o(i.SVC_Handler) for SVC_Handler
    startup_stm32f101xb.o(RESET) refers to stm32f1xx_it.o(i.DebugMon_Handler) for DebugMon_Handler
    startup_stm32f101xb.o(RESET) refers to stm32f1xx_it.o(i.PendSV_Handler) for PendSV_Handler
    startup_stm32f101xb.o(RESET) refers to stm32f1xx_it.o(i.SysTick_Handler) for SysTick_Handler
    startup_stm32f101xb.o(RESET) refers to usart.o(i.USART1_IRQHandler) for USART1_IRQHandler
    startup_stm32f101xb.o(.text) refers (Special) to heapauxi.o(.text) for __use_two_region_memory
    startup_stm32f101xb.o(.text) refers to system_stm32f1xx.o(i.SystemInit) for SystemInit
    startup_stm32f101xb.o(.text) refers to __main.o(!!!main) for __main
    startup_stm32f101xb.o(.text) refers to startup_stm32f101xb.o(HEAP) for Heap_Mem
    startup_stm32f101xb.o(.text) refers to startup_stm32f101xb.o(STACK) for Stack_Mem
    main.o(i.main) refers to _printf_percent.o(.ARM.Collect$$_printf_percent$$00000000) for _printf_percent
    main.o(i.main) refers to _printf_d.o(.ARM.Collect$$_printf_percent$$00000009) for _printf_d
    main.o(i.main) refers to _printf_dec.o(.text) for _printf_int_dec
    main.o(i.main) refers to stm32f1xx_hal.o(i.HAL_Init) for HAL_Init
    main.o(i.main) refers to sys.o(i.sys_stm32_clock_init) for sys_stm32_clock_init
    main.o(i.main) refers to delay.o(i.delay_init) for delay_init
    main.o(i.main) refers to usart.o(i.usart_init) for usart_init
    main.o(i.main) refers to oled.o(i.oled_init) for oled_init
    main.o(i.main) refers to oled.o(i.oled_clear) for oled_clear
    main.o(i.main) refers to mpu6050.o(i.mpu6050_init) for mpu6050_init
    main.o(i.main) refers to oled.o(i.oled_showstring) for oled_showstring
    main.o(i.main) refers to mpu6050.o(i.mpu6050_getdata) for mpu6050_getdata
    main.o(i.main) refers to noretval__2printf.o(.text) for __2printf
    main.o(i.main) refers to main.o(.data) for gyro_data
    stm32f1xx_it.o(i.SysTick_Handler) refers to stm32f1xx_hal.o(i.HAL_IncTick) for HAL_IncTick
    system_stm32f1xx.o(i.SystemCoreClockUpdate) refers to system_stm32f1xx.o(.data) for SystemCoreClock
    system_stm32f1xx.o(i.SystemCoreClockUpdate) refers to system_stm32f1xx.o(.constdata) for AHBPrescTable
    delay.o(i.HAL_Delay) refers to delay.o(i.delay_ms) for delay_ms
    delay.o(i.delay_init) refers to delay.o(.data) for g_fac_us
    delay.o(i.delay_ms) refers to delay.o(i.delay_us) for delay_us
    delay.o(i.delay_us) refers to delay.o(.data) for g_fac_us
    sys.o(i.sys_stm32_clock_init) refers to rt_memclr_w.o(.text) for __aeabi_memclr4
    sys.o(i.sys_stm32_clock_init) refers to stm32f1xx_hal_rcc.o(i.HAL_RCC_OscConfig) for HAL_RCC_OscConfig
    sys.o(i.sys_stm32_clock_init) refers to stm32f1xx_hal_rcc.o(i.HAL_RCC_ClockConfig) for HAL_RCC_ClockConfig
    usart.o(.rev16_text) refers (Special) to use_no_semi_2.o(.text) for __use_no_semihosting
    usart.o(.revsh_text) refers (Special) to use_no_semi_2.o(.text) for __use_no_semihosting
    usart.o(.rrx_text) refers (Special) to use_no_semi_2.o(.text) for __use_no_semihosting
    usart.o(i.HAL_UART_MspInit) refers (Special) to use_no_semi_2.o(.text) for __use_no_semihosting
    usart.o(i.HAL_UART_MspInit) refers to stm32f1xx_hal_gpio.o(i.HAL_GPIO_Init) for HAL_GPIO_Init
    usart.o(i.HAL_UART_MspInit) refers to stm32f1xx_hal_cortex.o(i.HAL_NVIC_EnableIRQ) for HAL_NVIC_EnableIRQ
    usart.o(i.HAL_UART_MspInit) refers to stm32f1xx_hal_cortex.o(i.HAL_NVIC_SetPriority) for HAL_NVIC_SetPriority
    usart.o(i.HAL_UART_RxCpltCallback) refers (Special) to use_no_semi_2.o(.text) for __use_no_semihosting
    usart.o(i.HAL_UART_RxCpltCallback) refers to stm32f1xx_hal_uart.o(i.HAL_UART_Receive_IT) for HAL_UART_Receive_IT
[...]
    Removing stm32f1xx_hal_i2c.o(i.HAL_I2C_Master_Receive_IT), (256 bytes).
    Removing stm32f1xx_hal_i2c.o(i.HAL_I2C_Master_Seq_Receive_DMA), (648 bytes).
    Removing stm32f1xx_hal_i2c.o(i.HAL_I2C_Master_Seq_Receive_IT), (376 bytes).
    Removing stm32f1xx_hal_i2c.o(i.HAL_I2C_Master_Seq_Transmit_DMA), (520 bytes).
    Removing stm32f1xx_hal_i2c.o(i.HAL_I2C_Master_Seq_Transmit_IT), (296 bytes).
    Removing stm32f1xx_hal_i2c.o(i.HAL_I2C_Master_Transmit), (368 bytes).
    Removing stm32f1xx_hal_i2c.o(i.HAL_I2C_Master_Transmit_DMA), (424 bytes).
    Removing stm32f1xx_hal_i2c.o(i.HAL_I2C_Master_Transmit_IT), (244 bytes).
    Removing stm32f1xx_hal_i2c.o(i.HAL_I2C_MemRxCpltCallback), (2 bytes).
    Removing stm32f1xx_hal_i2c.o(i.HAL_I2C_MemTxCpltCallback), (2 bytes).
    Removing stm32f1xx_hal_i2c.o(i.HAL_I2C_Mem_Read), (868 bytes).
    Removing stm32f1xx_hal_i2c.o(i.HAL_I2C_Mem_Read_DMA), (568 bytes).
    Removing stm32f1xx_hal_i2c.o(i.HAL_I2C_Mem_Read_IT), (272 bytes).
    Removing stm32f1xx_hal_i2c.o(i.HAL_I2C_Mem_Write), (356 bytes).
    Removing stm32f1xx_hal_i2c.o(i.HAL_I2C_Mem_Write_DMA), (492 bytes).
    Removing stm32f1xx_hal_i2c.o(i.HAL_I2C_Mem_Write_IT), (256 bytes).
    Removing stm32f1xx_hal_i2c.o(i.HAL_I2C_MspDeInit), (2 bytes).
    Removing stm32f1xx_hal_i2c.o(i.HAL_I2C_MspInit), (2 bytes).
    Removing stm32f1xx_hal_i2c.o(i.HAL_I2C_SlaveRxCpltCallback), (2 bytes).
    Removing stm32f1xx_hal_i2c.o(i.HAL_I2C_SlaveTxCpltCallback), (2 bytes).
    Removing stm32f1xx_hal_i2c.o(i.HAL_I2C_Slave_Receive), (384 bytes).
    Removing stm32f1xx_hal_i2c.o(i.HAL_I2C_Slave_Receive_DMA), (256 bytes).
    Removing stm32f1xx_hal_i2c.o(i.HAL_I2C_Slave_Receive_IT), (152 bytes).
    Removing stm32f1xx_hal_i2c.o(i.HAL_I2C_Slave_Seq_Receive_DMA), (420 bytes).
    Removing stm32f1xx_hal_i2c.o(i.HAL_I2C_Slave_Seq_Receive_IT), (158 bytes).
    Removing stm32f1xx_hal_i2c.o(i.HAL_I2C_Slave_Seq_Transmit_DMA), (420 bytes).
    Removing stm32f1xx_hal_i2c.o(i.HAL_I2C_Slave_Seq_Transmit_IT), (158 bytes).
    Removing stm32f1xx_hal_i2c.o(i.HAL_I2C_Slave_Transmit), (404 bytes).
    Removing stm32f1xx_hal_i2c.o(i.HAL_I2C_Slave_Transmit_DMA), (256 bytes).
    Removing stm32f1xx_hal_i2c.o(i.HAL_I2C_Slave_Transmit_IT), (152 bytes).
    Removing stm32f1xx_hal_i2c.o(i.I2C_ConvertOtherXferOptions), (28 bytes).
    Removing stm32f1xx_hal_i2c.o(i.I2C_DMAAbort), (248 bytes).
    Removing stm32f1xx_hal_i2c.o(i.I2C_DMAError), (70 bytes).
    Removing stm32f1xx_hal_i2c.o(i.I2C_DMAXferCplt), (304 bytes).
    Removing stm32f1xx_hal_i2c.o(i.I2C_ITError), (428 bytes).
    Removing stm32f1xx_hal_i2c.o(i.I2C_IsAcknowledgeFailed), (62 bytes).
    Removing stm32f1xx_hal_i2c.o(i.I2C_MasterReceive_BTF), (294 bytes).
    Removing stm32f1xx_hal_i2c.o(i.I2C_MasterReceive_RXNE), (226 bytes).
    Removing stm32f1xx_hal_i2c.o(i.I2C_MasterRequestRead), (312 bytes).
    Removing stm32f1xx_hal_i2c.o(i.I2C_MasterRequestWrite), (192 bytes).
    Removing stm32f1xx_hal_i2c.o(i.I2C_MasterTransmit_BTF), (138 bytes).
    Removing stm32f1xx_hal_i2c.o(i.I2C_MasterTransmit_TXE), (216 bytes).
    Removing stm32f1xx_hal_i2c.o(i.I2C_Master_ADD10), (42 bytes).
    Removing stm32f1xx_hal_i2c.o(i.I2C_Master_ADDR), (640 bytes).
    Removing stm32f1xx_hal_i2c.o(i.I2C_Master_SB), (158 bytes).
    Removing stm32f1xx_hal_i2c.o(i.I2C_MemoryTransmit_TXE_BTF), (184 bytes).
    Removing stm32f1xx_hal_i2c.o(i.I2C_RequestMemoryRead), (352 bytes).
    Removing stm32f1xx_hal_i2c.o(i.I2C_RequestMemoryWrite), (224 bytes).
    Removing stm32f1xx_hal_i2c.o(i.I2C_SlaveReceive_BTF), (26 bytes).
    Removing stm32f1xx_hal_i2c.o(i.I2C_SlaveReceive_RXNE), (70 bytes).
    Removing stm32f1xx_hal_i2c.o(i.I2C_SlaveTransmit_BTF), (26 bytes).
    Removing stm32f1xx_hal_i2c.o(i.I2C_SlaveTransmit_TXE), (70 bytes).
    Removing stm32f1xx_hal_i2c.o(i.I2C_Slave_ADDR), (102 bytes).
    Removing stm32f1xx_hal_i2c.o(i.I2C_Slave_AF), (160 bytes).
    Removing stm32f1xx_hal_i2c.o(i.I2C_Slave_STOPF), (396 bytes).
    Removing stm32f1xx_hal_i2c.o(i.I2C_WaitOnBTFFlagUntilTimeout), (92 bytes).
    Removing stm32f1xx_hal_i2c.o(i.I2C_WaitOnFlagUntilTimeout), (134 bytes).
    Removing stm32f1xx_hal_i2c.o(i.I2C_WaitOnMasterAddressFlagUntilTimeout), (196 bytes).
    Removing stm32f1xx_hal_i2c.o(i.I2C_WaitOnRXNEFlagUntilTimeout), (128 bytes).
    Removing stm32f1xx_hal_i2c.o(i.I2C_WaitOnSTOPFlagUntilTimeout), (88 bytes).
    Removing stm32f1xx_hal_i2c.o(i.I2C_WaitOnSTOPRequestThroughIT), (80 bytes).
    Removing stm32f1xx_hal_i2c.o(i.I2C_WaitOnTXEFlagUntilTimeout), (92 bytes).
    Removing stm32f1xx_hal_spi.o(.rev16_text), (4 bytes).
    Removing stm32f1xx_hal_spi.o(.revsh_text), (4 bytes).
    Removing stm32f1xx_hal_spi.o(.rrx_text), (6 bytes).
    Removing stm32f1xx_hal_spi.o(i.HAL_SPI_Abort), (348 bytes).
    Removing stm32f1xx_hal_spi.o(i.HAL_SPI_AbortCpltCallback), (2 bytes).
    Removing stm32f1xx_hal_spi.o(i.HAL_SPI_Abort_IT), (360 bytes).
    Removing stm32f1xx_hal_spi.o(i.HAL_SPI_DMAPause), (50 bytes).
    Removing stm32f1xx_hal_spi.o(i.HAL_SPI_DMAResume), (50 bytes).
    Removing stm32f1xx_hal_spi.o(i.HAL_SPI_DMAStop), (72 bytes).
    Removing stm32f1xx_hal_spi.o(i.HAL_SPI_DeInit), (54 bytes).
    Removing stm32f1xx_hal_spi.o(i.HAL_SPI_ErrorCallback), (2 bytes).
    Removing stm32f1xx_hal_spi.o(i.HAL_SPI_GetError), (6 bytes).
    Removing stm32f1xx_hal_spi.o(i.HAL_SPI_GetState), (8 bytes).
    Removing stm32f1xx_hal_spi.o(i.HAL_SPI_IRQHandler), (308 bytes).
    Removing stm32f1xx_hal_spi.o(i.HAL_SPI_Init), (212 bytes).
    Removing stm32f1xx_hal_spi.o(i.HAL_SPI_MspDeInit), (2 bytes).
    Removing stm32f1xx_hal_spi.o(i.HAL_SPI_MspInit), (2 bytes).
    Removing stm32f1xx_hal_spi.o(i.HAL_SPI_Receive), (598 bytes).
    Removing stm32f1xx_hal_spi.o(i.HAL_SPI_Receive_DMA), (320 bytes).
    Removing stm32f1xx_hal_spi.o(i.HAL_SPI_Receive_IT), (252 bytes).
    Removing stm32f1xx_hal_spi.o(i.HAL_SPI_RxCpltCallback), (2 bytes).
    Removing stm32f1xx_hal_spi.o(i.HAL_SPI_RxHalfCpltCallback), (2 bytes).
    Removing stm32f1xx_hal_spi.o(i.HAL_SPI_Transmit), (486 bytes).
    Removing stm32f1xx_hal_spi.o(i.HAL_SPI_TransmitReceive), (750 bytes).
    Removing stm32f1xx_hal_spi.o(i.HAL_SPI_TransmitReceive_DMA), (400 bytes).
    Removing stm32f1xx_hal_spi.o(i.HAL_SPI_TransmitReceive_IT), (240 bytes).
    Removing stm32f1xx_hal_spi.o(i.HAL_SPI_Transmit_DMA), (288 bytes).
    Removing stm32f1xx_hal_spi.o(i.HAL_SPI_Transmit_IT), (216 bytes).
    Removing stm32f1xx_hal_spi.o(i.HAL_SPI_TxCpltCallback), (2 bytes).
    Removing stm32f1xx_hal_spi.o(i.HAL_SPI_TxHalfCpltCallback), (2 bytes).
    Removing stm32f1xx_hal_spi.o(i.HAL_SPI_TxRxCpltCallback), (2 bytes).
    Removing stm32f1xx_hal_spi.o(i.HAL_SPI_TxRxHalfCpltCallback), (2 bytes).
    Removing stm32f1xx_hal_spi.o(i.SPI_2linesRxISR_16BIT), (72 bytes).
    Removing stm32f1xx_hal_spi.o(i.SPI_2linesRxISR_16BITCRC), (28 bytes).
    Removing stm32f1xx_hal_spi.o(i.SPI_2linesRxISR_8BIT), (72 bytes).
    Removing stm32f1xx_hal_spi.o(i.SPI_2linesRxISR_8BITCRC), (32 bytes).
    Removing stm32f1xx_hal_spi.o(i.SPI_2linesTxISR_16BIT), (88 bytes).
    Removing stm32f1xx_hal_spi.o(i.SPI_2linesTxISR_8BIT), (88 bytes).
    Removing stm32f1xx_hal_spi.o(i.SPI_AbortRx_ISR), (104 bytes).
    Removing stm32f1xx_hal_spi.o(i.SPI_AbortTx_ISR), (32 bytes).
    Removing stm32f1xx_hal_spi.o(i.SPI_CloseRxTx_ISR), (264 bytes).
    Removing stm32f1xx_hal_spi.o(i.SPI_CloseRx_ISR), (168 bytes).
    Removing stm32f1xx_hal_spi.o(i.SPI_CloseTx_ISR), (160 bytes).
    Removing stm32f1xx_hal_spi.o(i.SPI_DMAAbortOnError), (20 bytes).
    Removing stm32f1xx_hal_spi.o(i.SPI_DMAError), (40 bytes).
    Removing stm32f1xx_hal_spi.o(i.SPI_DMAHalfReceiveCplt), (14 bytes).
    Removing stm32f1xx_hal_spi.o(i.SPI_DMAHalfTransmitCplt), (14 bytes).
    Removing stm32f1xx_hal_spi.o(i.SPI_DMAHalfTransmitReceiveCplt), (14 bytes).
    Removing stm32f1xx_hal_spi.o(i.SPI_DMAReceiveCplt), (222 bytes).
    Removing stm32f1xx_hal_spi.o(i.SPI_DMARxAbortCallback), (128 bytes).
    Removing stm32f1xx_hal_spi.o(i.SPI_DMATransmitCplt), (126 bytes).
    Removing stm32f1xx_hal_spi.o(i.SPI_DMATransmitReceiveCplt), (202 bytes).
    Removing stm32f1xx_hal_spi.o(i.SPI_DMATxAbortCallback), (156 bytes).
    Removing stm32f1xx_hal_spi.o(i.SPI_EndRxTransaction), (120 bytes).
    Removing stm32f1xx_hal_spi.o(i.SPI_EndRxTxTransaction), (40 bytes).
    Removing stm32f1xx_hal_spi.o(i.SPI_ISCRCErrorValid), (6 bytes).
    Removing stm32f1xx_hal_spi.o(i.SPI_RxISR_16BIT), (104 bytes).
    Removing stm32f1xx_hal_spi.o(i.SPI_RxISR_16BITCRC), (28 bytes).
    Removing stm32f1xx_hal_spi.o(i.SPI_RxISR_8BIT), (104 bytes).
    Removing stm32f1xx_hal_spi.o(i.SPI_RxISR_8BITCRC), (16 bytes).
    Removing stm32f1xx_hal_spi.o(i.SPI_TxISR_16BIT), (56 bytes).
    Removing stm32f1xx_hal_spi.o(i.SPI_TxISR_8BIT), (56 bytes).
    Removing stm32f1xx_hal_spi.o(i.SPI_WaitFlagStateUntilTimeout), (216 bytes).

369 unused section(s) (total 39094 bytes) removed from the image.

==============================================================================

Image Symbol Table

    Local Symbols

    Symbol Name                              Value     Ov Type        Size  Object(Section)

    ../clib/angel/boardlib.s                 0x00000000   Number         0  boardinit1.o ABSOLUTE
    ../clib/angel/boardlib.s                 0x00000000   Number         0  boardshut.o ABSOLUTE
    ../clib/angel/boardlib.s                 0x00000000   Number         0  boardinit3.o ABSOLUTE
    ../clib/angel/boardlib.s                 0x00000000   Number         0  boardinit2.o ABSOLUTE
    ../clib/angel/handlers.s                 0x00000000   Number         0  __scatter_zi.o ABSOLUTE
    ../clib/angel/handlers.s                 0x00000000   Number         0  __scatter_copy.o ABSOLUTE
    ../clib/angel/kernel.s                   0x00000000   Number         0  rtexit2.o ABSOLUTE
    ../clib/angel/kernel.s                   0x00000000   Number         0  __rtentry4.o ABSOLUTE
    ../clib/angel/kernel.s                   0x00000000   Number         0  __rtentry2.o ABSOLUTE
    ../clib/angel/kernel.s                   0x00000000   Number         0  __rtentry.o ABSOLUTE
    ../clib/angel/kernel.s                   0x00000000   Number         0  rtexit.o ABSOLUTE
    ../clib/angel/rt.s                       0x00000000   Number         0  rt_raise.o ABSOLUTE
    ../clib/angel/scatter.s                  0x00000000   Number         0  __scatter.o ABSOLUTE
    ../clib/angel/startup.s                  0x00000000   Number         0  __main.o ABSOLUTE
    ../clib/angel/sys.s                      0x00000000   Number         0  sys_stackheap_outer.o ABSOLUTE
    ../clib/angel/sys.s                      0x00000000   Number         0  use_no_semi_2.o ABSOLUTE
    ../clib/angel/sys.s                      0x00000000   Number         0  use_no_semi.o ABSOLUTE
    ../clib/angel/sys.s                      0x00000000   Number         0  libspace.o ABSOLUTE
    ../clib/armsys.c                         0x00000000   Number         0  argv_veneer.o ABSOLUTE
    ../clib/armsys.c                         0x00000000   Number         0  argv_veneer.o ABSOLUTE
    ../clib/armsys.c                         0x00000000   Number         0  _get_argv_nomalloc.o ABSOLUTE
    ../clib/armsys.c                         0x00000000   Number         0  no_argv.o ABSOLUTE
    ../clib/heapalloc.c                      0x00000000   Number         0  hrguard.o ABSOLUTE
    ../clib/heapaux.c                        0x00000000   Number         0  heapauxi.o ABSOLUTE
    ../clib/libinit.s                        0x00000000   Number         0  libshutdown.o ABSOLUTE
    ../clib/libinit.s                        0x00000000   Number         0  libshutdown2.o ABSOLUTE
    ../clib/libinit.s                        0x00000000   Number         0  libinit2.o ABSOLUTE
    ../clib/libinit.s                        0x00000000   Number         0  libinit.o ABSOLUTE
    ../clib/memcpset.s                       0x00000000   Number         0  rt_memclr_w.o ABSOLUTE
    ../clib/misc.s                           0x00000000   Number         0  printf_stubs.o ABSOLUTE
    ../clib/printf.c                         0x00000000   Number         0  __printf_ss_wp.o ABSOLUTE
    ../clib/printf.c                         0x00000000   Number         0  __printf_flags_wp.o ABSOLUTE
    ../clib/printf.c                         0x00000000   Number         0  __printf_wp.o ABSOLUTE
    ../clib/printf.c                         0x00000000   Number         0  __printf_flags_ss.o ABSOLUTE
    ../clib/printf.c                         0x00000000   Number         0  __printf_ss.o ABSOLUTE
    ../clib/printf.c                         0x00000000   Number         0  __printf_flags.o ABSOLUTE
    ../clib/printf.c                         0x00000000   Number         0  __printf.o ABSOLUTE
    ../clib/printf.c                         0x00000000   Number         0  _printf_hex_int_ll_ptr.o ABSOLUTE
    ../clib/printf.c                         0x00000000   Number         0  _printf_hex_ll_ptr.o ABSOLUTE
    ../clib/printf.c                         0x00000000   Number         0  _printf_hex_ptr.o ABSOLUTE
    ../clib/printf.c                         0x00000000   Number         0  _printf_hex_int_ll.o ABSOLUTE
    ../clib/printf.c                         0x00000000   Number         0  _printf_hex_int.o ABSOLUTE
    ../clib/printf.c                         0x00000000   Number         0  _printf_hex_ll.o ABSOLUTE
    ../clib/printf.c                         0x00000000   Number         0  _printf_dec.o ABSOLUTE
    ../clib/printf.c                         0x00000000   Number         0  __2printf.o ABSOLUTE
    ../clib/printf.c                         0x00000000   Number         0  _printf_hex_int_ptr.o ABSOLUTE
    ../clib/printf.c                         0x00000000   Number         0  __printf_nopercent.o ABSOLUTE
    ../clib/printf.c                         0x00000000   Number         0  _printf_pad.o ABSOLUTE
    ../clib/printf.c                         0x00000000   Number         0  _printf_char_file.o ABSOLUTE
    ../clib/printf.c                         0x00000000   Number         0  _printf_intcommon.o ABSOLUTE
    ../clib/printf.c                         0x00000000   Number         0  _printf_char_common.o ABSOLUTE
    ../clib/printf.c                         0x00000000   Number         0  __printf_flags_ss_wp.o ABSOLUTE
    ../clib/printf.c                         0x00000000   Number         0  noretval__2printf.o ABSOLUTE
    ../clib/printf_percent.s                 0x00000000   Number         0  _printf_x.o ABSOLUTE
    ../clib/printf_percent.s                 0x00000000   Number         0  _printf_percent_end.o ABSOLUTE
    ../clib/printf_percent.s                 0x00000000   Number         0  _printf_d.o ABSOLUTE
    ../clib/printf_percent.s                 0x00000000   Number         0  _printf_percent.o ABSOLUTE
    ../clib/signal.c                         0x00000000   Number         0  defsig_fpe_inner.o ABSOLUTE
    ../clib/signal.c                         0x00000000   Number         0  defsig_abrt_inner.o ABSOLUTE
    ../clib/signal.c                         0x00000000   Number         0  defsig_general.o ABSOLUTE
    ../clib/signal.c                         0x00000000   Number         0  __raise.o ABSOLUTE
    ../clib/signal.c                         0x00000000   Number         0  defsig_exit.o ABSOLUTE
    ../clib/signal.c                         0x00000000   Number         0  defsig_rtmem_formal.o ABSOLUTE
    ../clib/signal.c                         0x00000000   Number         0  defsig_rtmem_outer.o ABSOLUTE
    ../clib/signal.c                         0x00000000   Number         0  defsig_other.o ABSOLUTE
    ../clib/signal.c                         0x00000000   Number         0  defsig_rtmem_inner.o ABSOLUTE
    ../clib/signal.c                         0x00000000   Number         0  defsig_segv_inner.o ABSOLUTE
    ../clib/signal.c                         0x00000000   Number         0  defsig_cppl_inner.o ABSOLUTE
    ../clib/signal.c                         0x00000000   Number         0  defsig_pvfn_inner.o ABSOLUTE
    ../clib/signal.c                         0x00000000   Number         0  defsig_stak_inner.o ABSOLUTE
    ../clib/signal.c                         0x00000000   Number         0  defsig_rtred_inner.o ABSOLUTE
    ../clib/signal.s                         0x00000000   Number         0  defsig.o ABSOLUTE
    ../clib/stdio.c                          0x00000000   Number         0  ferror.o ABSOLUTE
    ../clib/stdio.c                          0x00000000   Number         0  ferror_locked.o ABSOLUTE
    ../clib/stdlib.c                         0x00000000   Number         0  exit.o ABSOLUTE
    ../fplib/fpinit.s                        0x00000000   Number         0  fpinit.o ABSOLUTE
    ..\..\Drivers\BSP\IIC\mpu_iic.c          0x00000000   Number         0  mpu_iic.o ABSOLUTE
    ..\..\Drivers\BSP\IIC\ol_iic.c           0x00000000   Number         0  ol_iic.o ABSOLUTE
    ..\..\Drivers\BSP\MPU6050\mpu6050.c      0x00000000   Number         0  mpu6050.o ABSOLUTE
    ..\..\Drivers\BSP\OLED\oled.c            0x00000000   Number         0  oled.o ABSOLUTE
    ..\..\Drivers\BSP\OLED\oled_data.c       0x00000000   Number         0  oled_data.o ABSOLUTE
    ..\..\Drivers\CMSIS\Device\ST\STM32F1xx\Source\Templates\arm\startup_stm32f101xb.s 0x00000000   Number         0  startup_stm32f101xb.o ABSOLUTE
    ..\..\Drivers\CMSIS\Device\ST\STM32F1xx\Source\Templates\system_stm32f1xx.c 0x00000000   Number         0  system_stm32f1xx.o ABSOLUTE
    ..\..\Drivers\STM32F1xx_HAL_Driver\Src\stm32f1xx_hal.c 0x00000000   Number         0  stm32f1xx_hal.o ABSOLUTE
    ..\..\Drivers\STM32F1xx_HAL_Driver\Src\stm32f1xx_hal_cortex.c 0x00000000   Number         0  stm32f1xx_hal_cortex.o ABSOLUTE
    ..\..\Drivers\STM32F1xx_HAL_Driver\Src\stm32f1xx_hal_dma.c 0x00000000   Number         0  stm32f1xx_hal_dma.o ABSOLUTE
    ..\..\Drivers\STM32F1xx_HAL_Driver\Src\stm32f1xx_hal_gpio.c 0x00000000   Number         0  stm32f1xx_hal_gpio.o ABSOLUTE
    ..\..\Drivers\STM32F1xx_HAL_Driver\Src\stm32f1xx_hal_gpio_ex.c 0x00000000   Number         0  stm32f1xx_hal_gpio_ex.o ABSOLUTE
    ..\..\Drivers\STM32F1xx_HAL_Driver\Src\stm32f1xx_hal_i2c.c 0x00000000   Number         0  stm32f1xx_hal_i2c.o ABSOLUTE
    ..\..\Drivers\STM32F1xx_HAL_Driver\Src\stm32f1xx_hal_rcc.c 0x00000000   Number         0  stm32f1xx_hal_rcc.o ABSOLUTE
    ..\..\Drivers\STM32F1xx_HAL_Driver\Src\stm32f1xx_hal_rcc_ex.c 0x00000000   Number         0  stm32f1xx_hal_rcc_ex.o ABSOLUTE
    ..\..\Drivers\STM32F1xx_HAL_Driver\Src\stm32f1xx_hal_spi.c 0x00000000   Number         0  stm32f1xx_hal_spi.o ABSOLUTE
    ..\..\Drivers\STM32F1xx_HAL_Driver\Src\stm32f1xx_hal_uart.c 0x00000000   Number         0  stm32f1xx_hal_uart.o ABSOLUTE
    ..\..\Drivers\STM32F1xx_HAL_Driver\Src\stm32f1xx_hal_usart.c 0x00000000   Number         0  stm32f1xx_hal_usart.o ABSOLUTE
    ..\..\Drivers\SYSTEM\delay\delay.c       0x00000000   Number         0  delay.o ABSOLUTE
    ..\..\Drivers\SYSTEM\sys\sys.c           0x00000000   Number         0  sys.o ABSOLUTE
    ..\..\Drivers\SYSTEM\usart\usart.c       0x00000000   Number         0  usart.o ABSOLUTE
    ..\..\Users\main.c                       0x00000000   Number         0  main.o ABSOLUTE
    ..\..\Users\stm32f1xx_it.c               0x00000000   Number         0  stm32f1xx_it.o ABSOLUTE
    ..\\..\\Drivers\\BSP\\IIC\\mpu_iic.c     0x00000000   Number         0  mpu_iic.o ABSOLUTE
    ..\\..\\Drivers\\BSP\\IIC\\ol_iic.c      0x00000000   Number         0  ol_iic.o ABSOLUTE
    ..\\..\\Drivers\\BSP\\MPU6050\\mpu6050.c 0x00000000   Number         0  mpu6050.o ABSOLUTE
    ..\\..\\Drivers\\BSP\\OLED\\oled.c       0x00000000   Number         0  oled.o ABSOLUTE
    ..\\..\\Drivers\\CMSIS\\Device\\ST\\STM32F1xx\\Source\\Templates\\system_stm32f1xx.c 0x00000000   Number         0  system_stm32f1xx.o ABSOLUTE
    ..\\..\\Drivers\\STM32F1xx_HAL_Driver\\Src\\stm32f1xx_hal.c 0x00000000   Number         0  stm32f1xx_hal.o ABSOLUTE
    ..\\..\\Drivers\\STM32F1xx_HAL_Driver\\Src\\stm32f1xx_hal_cortex.c 0x00000000   Number         0  stm32f1xx_hal_cortex.o ABSOLUTE
    ..\\..\\Drivers\\STM32F1xx_HAL_Driver\\Src\\stm32f1xx_hal_dma.c 0x00000000   Number         0  stm32f1xx_hal_dma.o ABSOLUTE
    ..\\..\\Drivers\\STM32F1xx_HAL_Driver\\Src\\stm32f1xx_hal_gpio.c 0x00000000   Number         0  stm32f1xx_hal_gpio.o ABSOLUTE
    ..\\..\\Drivers\\STM32F1xx_HAL_Driver\\Src\\stm32f1xx_hal_gpio_ex.c 0x00000000   Number         0  stm32f1xx_hal_gpio_ex.o ABSOLUTE
    ..\\..\\Drivers\\STM32F1xx_HAL_Driver\\Src\\stm32f1xx_hal_i2c.c 0x00000000   Number         0  stm32f1xx_hal_i2c.o ABSOLUTE
    ..\\..\\Drivers\\STM32F1xx_HAL_Driver\\Src\\stm32f1xx_hal_rcc.c 0x00000000   Number         0  stm32f1xx_hal_rcc.o ABSOLUTE
    ..\\..\\Drivers\\STM32F1xx_HAL_Driver\\Src\\stm32f1xx_hal_rcc_ex.c 0x00000000   Number         0  stm32f1xx_hal_rcc_ex.o ABSOLUTE
    ..\\..\\Drivers\\STM32F1xx_HAL_Driver\\Src\\stm32f1xx_hal_spi.c 0x00000000   Number         0  stm32f1xx_hal_spi.o ABSOLUTE
    ..\\..\\Drivers\\STM32F1xx_HAL_Driver\\Src\\stm32f1xx_hal_uart.c 0x00000000   Number         0  stm32f1xx_hal_uart.o ABSOLUTE
    ..\\..\\Drivers\\STM32F1xx_HAL_Driver\\Src\\stm32f1xx_hal_usart.c 0x00000000   Number         0  stm32f1xx_hal_usart.o ABSOLUTE
    ..\\..\\Drivers\\SYSTEM\\delay\\delay.c  0x00000000   Number         0  delay.o ABSOLUTE
    ..\\..\\Drivers\\SYSTEM\\sys\\sys.c      0x00000000   Number         0  sys.o ABSOLUTE
    ..\\..\\Drivers\\SYSTEM\\usart\\usart.c  0x00000000   Number         0  usart.o ABSOLUTE
    ..\\..\\Users\\main.c                    0x00000000   Number         0  main.o ABSOLUTE
    ..\\..\\Users\\stm32f1xx_it.c            0x00000000   Number         0  stm32f1xx_it.o ABSOLUTE
    dc.s                                     0x00000000   Number         0  dc.o ABSOLUTE
    RESET                                    0x08000000   Section      232  startup_stm32f101xb.o(RESET)
    !!!main                                  0x080000e8   Section        8  __main.o(!!!main)
    !!!scatter                               0x080000f0   Section       52  __scatter.o(!!!scatter)
    !!handler_copy                           0x08000124   Section       26  __scatter_copy.o(!!handler_copy)
    !!handler_zi                             0x08000140   Section       28  __scatter_zi.o(!!handler_zi)
    .ARM.Collect$$_printf_percent$$00000000  0x0800015c   Section        0  _printf_percent.o(.ARM.Collect$$_printf_percent$$00000000)
    .ARM.Collect$$_printf_percent$$00000009  0x0800015c   Section        6  _printf_d.o(.ARM.Collect$$_printf_percent$$00000009)
    .ARM.Collect$$_printf_percent$$0000000C  0x08000162   Section        6  _printf_x.o(.ARM.Collect$$_printf_percent$$0000000C)
    .ARM.Collect$$_printf_percent$$00000017  0x08000168   Section        4  _printf_percent_end.o(.ARM.Collect$$_printf_percent$$00000017)
    .ARM.Collect$$libinit$$00000000          0x0800016c   Section        2  libinit.o(.ARM.Collect$$libinit$$00000000)
    .ARM.Collect$$libinit$$00000002          0x0800016e   Section        0  libinit2.o(.ARM.Collect$$libinit$$00000002)
    .ARM.Collect$$libinit$$00000004          0x0800016e   Section        0  libinit2.o(.ARM.Collect$$libinit$$00000004)
    .ARM.Collect$$libinit$$0000000A          0x0800016e   Section        0  libinit2.o(.ARM.Collect$$libinit$$0000000A)
    .ARM.Collect$$libinit$$0000000C          0x0800016e   Section        0  libinit2.o(.ARM.Collect$$libinit$$0000000C)
    .ARM.Collect$$libinit$$0000000E          0x0800016e   Section        0  libinit2.o(.ARM.Collect$$libinit$$0000000E)
    .ARM.Collect$$libinit$$00000011          0x0800016e   Section        0  libinit2.o(.ARM.Collect$$libinit$$00000011)
    .ARM.Collect$$libinit$$00000013          0x0800016e   Section        0  libinit2.o(.ARM.Collect$$libinit$$00000013)
    .ARM.Collect$$libinit$$00000015          0x0800016e   Section        0  libinit2.o(.ARM.Collect$$libinit$$00000015)
    .ARM.Collect$$libinit$$00000017          0x0800016e   Section        0  libinit2.o(.ARM.Collect$$libinit$$00000017)
    .ARM.Collect$$libinit$$00000019          0x0800016e   Section        0  libinit2.o(.ARM.Collect$$libinit$$00000019)
    .ARM.Collect$$libinit$$0000001B          0x0800016e   Section        0  libinit2.o(.ARM.Collect$$libinit$$0000001B)
    .ARM.Collect$$libinit$$0000001D          0x0800016e   Section        0  libinit2.o(.ARM.Collect$$libinit$$0000001D)
    .ARM.Collect$$libinit$$0000001F          0x0800016e   Section        0  libinit2.o(.ARM.Collect$$libinit$$0000001F)
    .ARM.Collect$$libinit$$00000021          0x0800016e   Section        0  libinit2.o(.ARM.Collect$$libinit$$00000021)
    .ARM.Collect$$libinit$$00000023          0x0800016e   Section        0  libinit2.o(.ARM.Collect$$libinit$$00000023)
    .ARM.Collect$$libinit$$00000025          0x0800016e   Section        0  libinit2.o(.ARM.Collect$$libinit$$00000025)
    .ARM.Collect$$libinit$$0000002C          0x0800016e   Section        0  libinit2.o(.ARM.Collect$$libinit$$0000002C)
    .ARM.Collect$$libinit$$0000002E          0x0800016e   Section        0  libinit2.o(.ARM.Collect$$libinit$$0000002E)
    .ARM.Collect$$libinit$$00000030          0x0800016e   Section        0  libinit2.o(.ARM.Collect$$libinit$$00000030)
    .ARM.Collect$$libinit$$00000032          0x0800016e   Section        0  libinit2.o(.ARM.Collect$$libinit$$00000032)
    .ARM.Collect$$libinit$$00000033          0x0800016e   Section        2  libinit2.o(.ARM.Collect$$libinit$$00000033)
    .ARM.Collect$$libshutdown$$00000000      0x08000170   Section        2  libshutdown.o(.ARM.Collect$$libshutdown$$00000000)
    .ARM.Collect$$libshutdown$$00000002      0x08000172   Section        0  libshutdown2.o(.ARM.Collect$$libshutdown$$00000002)
    .ARM.Collect$$libshutdown$$00000004      0x08000172   Section        0  libshutdown2.o(.ARM.Collect$$libshutdown$$00000004)
    .ARM.Collect$$libshutdown$$00000006      0x08000172   Section        0  libshutdown2.o(.ARM.Collect$$libshutdown$$00000006)
    .ARM.Collect$$libshutdown$$00000009      0x08000172   Section        0  libshutdown2.o(.ARM.Collect$$libshutdown$$00000009)
    .ARM.Collect$$libshutdown$$0000000C      0x08000172   Section        0  libshutdown2.o(.ARM.Collect$$libshutdown$$0000000C)
    .ARM.Collect$$libshutdown$$0000000E      0x08000172   Section        0  libshutdown2.o(.ARM.Collect$$libshutdown$$0000000E)
    .ARM.Collect$$libshutdown$$00000011      0x08000172   Section        0  libshutdown2.o(.ARM.Collect$$libshutdown$$00000011)
    .ARM.Collect$$libshutdown$$00000012      0x08000172   Section        2  libshutdown2.o(.ARM.Collect$$libshutdown$$00000012)
    .ARM.Collect$$rtentry$$00000000          0x08000174   Section        0  __rtentry.o(.ARM.Collect$$rtentry$$00000000)
    .ARM.Collect$$rtentry$$00000002          0x08000174   Section        0  __rtentry2.o(.ARM.Collect$$rtentry$$00000002)
    .ARM.Collect$$rtentry$$00000004          0x08000174   Section        6  __rtentry4.o(.ARM.Collect$$rtentry$$00000004)
    .ARM.Collect$$rtentry$$00000009          0x0800017a   Section        0  __rtentry2.o(.ARM.Collect$$rtentry$$00000009)
    .ARM.Collect$$rtentry$$0000000A          0x0800017a   Section        4  __rtentry2.o(.ARM.Collect$$rtentry$$0000000A)
    .ARM.Collect$$rtentry$$0000000C          0x0800017e   Section        0  __rtentry2.o(.ARM.Collect$$rtentry$$0000000C)
    .ARM.Collect$$rtentry$$0000000D          0x0800017e   Section        8  __rtentry2.o(.ARM.Collect$$rtentry$$0000000D)
    .ARM.Collect$$rtexit$$00000000           0x08000186   Section        2  rtexit.o(.ARM.Collect$$rtexit$$00000000)
    .ARM.Collect$$rtexit$$00000002           0x08000188   Section        0  rtexit2.o(.ARM.Collect$$rtexit$$00000002)
    .ARM.Collect$$rtexit$$00000003           0x08000188   Section        4  rtexit2.o(.ARM.Collect$$rtexit$$00000003)
    .ARM.Collect$$rtexit$$00000004           0x0800018c   Section        6  rtexit2.o(.ARM.Collect$$rtexit$$00000004)
    .text                                    0x08000194   Section       64  startup_stm32f101xb.o(.text)
    .text                                    0x080001d4   Section        2  use_no_semi_2.o(.text)
    .text                                    0x080001d8   Section        0  noretval__2printf.o(.text)
    .text                                    0x080001f0   Section        0  _printf_pad.o(.text)
    .text                                    0x08000240   Section        0  _printf_dec.o(.text)
    .text                                    0x080002b8   Section        0  _printf_hex_int.o(.text)
    .text                                    0x08000310   Section        0  __printf_flags_wp.o(.text)
    .text                                    0x08000448   Section       78  rt_memclr_w.o(.text)
    .text                                    0x08000496   Section        0  heapauxi.o(.text)
    .text                                    0x0800049c   Section        2  use_no_semi.o(.text)
    .text                                    0x0800049e   Section        0  _printf_intcommon.o(.text)
    .text                                    0x08000550   Section        0  _printf_char_file.o(.text)
    .text                                    0x08000574   Section        0  _printf_char_common.o(.text)
    _printf_input_char                       0x08000575   Thumb Code    10  _printf_char_common.o(.text)
    .text                                    0x080005a4   Section        0  ferror.o(.text)
    .text                                    0x080005ac   Section       74  sys_stackheap_outer.o(.text)
    .text                                    0x080005f6   Section        0  exit.o(.text)
    .text                                    0x08000608   Section        8  libspace.o(.text)
    i.BusFault_Handler                       0x08000610   Section        0  stm32f1xx_it.o(i.BusFault_Handler)
    i.DebugMon_Handler                       0x08000614   Section        0  stm32f1xx_it.o(i.DebugMon_Handler)
    i.HAL_DMA_Abort_IT                       0x08000618   Section        0  stm32f1xx_hal_dma.o(i.HAL_DMA_Abort_IT)
    i.HAL_GPIO_Init                          0x080006c8   Section        0  stm32f1xx_hal_gpio.o(i.HAL_GPIO_Init)
    i.HAL_GPIO_ReadPin                       0x080009e8   Section        0  stm32f1xx_hal_gpio.o(i.HAL_GPIO_ReadPin)
    i.HAL_GPIO_WritePin                      0x080009f8   Section        0  stm32f1xx_hal_gpio.o(i.HAL_GPIO_WritePin)
    i.HAL_GetTick                            0x08000a04   Section        0  stm32f1xx_hal.o(i.HAL_GetTick)
    i.HAL_IncTick                            0x08000a10   Section        0  stm32f1xx_hal.o(i.HAL_IncTick)
    i.HAL_Init                               0x08000a28   Section        0  stm32f1xx_hal.o(i.HAL_Init)
    i.HAL_InitTick                           0x08000a50   Section        0  stm32f1xx_hal.o(i.HAL_InitTick)
    i.HAL_MspInit                            0x08000a9c   Section        0  stm32f1xx_hal.o(i.HAL_MspInit)
    i.HAL_NVIC_EnableIRQ                     0x08000a9e   Section        0  stm32f1xx_hal_cortex.o(i.HAL_NVIC_EnableIRQ)
    i.HAL_NVIC_SetPriority                   0x08000abe   Section        0  stm32f1xx_hal_cortex.o(i.HAL_NVIC_SetPriority)
    i.HAL_NVIC_SetPriorityGrouping           0x08000b3c   Section        0  stm32f1xx_hal_cortex.o(i.HAL_NVIC_SetPriorityGrouping)
    i.HAL_RCC_ClockConfig                    0x08000b64   Section        0  stm32f1xx_hal_rcc.o(i.HAL_RCC_ClockConfig)
    i.HAL_RCC_GetHCLKFreq                    0x08000cf0   Section        0  stm32f1xx_hal_rcc.o(i.HAL_RCC_GetHCLKFreq)
    i.HAL_RCC_GetPCLK1Freq                   0x08000cfc   Section        0  stm32f1xx_hal_rcc.o(i.HAL_RCC_GetPCLK1Freq)
    i.HAL_RCC_GetPCLK2Freq                   0x08000d1c   Section        0  stm32f1xx_hal_rcc.o(i.HAL_RCC_GetPCLK2Freq)
    i.HAL_RCC_GetSysClockFreq                0x08000d3c   Section        0  stm32f1xx_hal_rcc.o(i.HAL_RCC_GetSysClockFreq)
    i.HAL_RCC_OscConfig                      0x08000dd0   Section        0  stm32f1xx_hal_rcc.o(i.HAL_RCC_OscConfig)
    i.HAL_SYSTICK_Config                     0x08001234   Section        0  stm32f1xx_hal_cortex.o(i.HAL_SYSTICK_Config)
    i.HAL_UART_ErrorCallback                 0x08001268   Section        0  stm32f1xx_hal_uart.o(i.HAL_UART_ErrorCallback)
    i.HAL_UART_IRQHandler                    0x0800126c   Section        0  stm32f1xx_hal_uart.o(i.HAL_UART_IRQHandler)
    i.HAL_UART_Init                          0x080013c0   Section        0  stm32f1xx_hal_uart.o(i.HAL_UART_Init)
    i.HAL_UART_MspInit                       0x08001434   Section        0  usart.o(i.HAL_UART_MspInit)
    i.HAL_UART_Receive_IT                    0x080014e8   Section        0  stm32f1xx_hal_uart.o(i.HAL_UART_Receive_IT)
    i.HAL_UART_RxCpltCallback                0x08001558   Section        0  usart.o(i.HAL_UART_RxCpltCallback)
    i.HAL_UART_TxCpltCallback                0x080015f4   Section        0  stm32f1xx_hal_uart.o(i.HAL_UART_TxCpltCallback)
    i.HardFault_Handler                      0x080015f6   Section        0  stm32f1xx_it.o(i.HardFault_Handler)
    i.MemManage_Handler                      0x080015fa   Section        0  stm32f1xx_it.o(i.MemManage_Handler)
    i.NMI_Handler                            0x080015fe   Section        0  stm32f1xx_it.o(i.NMI_Handler)
    i.PendSV_Handler                         0x08001600   Section        0  stm32f1xx_it.o(i.PendSV_Handler)
    i.RCC_Delay                              0x08001604   Section        0  stm32f1xx_hal_rcc.o(i.RCC_Delay)
    RCC_Delay                                0x08001605   Thumb Code    36  stm32f1xx_hal_rcc.o(i.RCC_Delay)
    i.SVC_Handler                            0x0800162c   Section        0  stm32f1xx_it.o(i.SVC_Handler)
    i.SysTick_Handler                        0x0800162e   Section        0  stm32f1xx_it.o(i.SysTick_Handler)
    i.SystemInit                             0x08001636   Section        0  system_stm32f1xx.o(i.SystemInit)
    i.UART_DMAAbortOnError                   0x08001638   Section        0  stm32f1xx_hal_uart.o(i.UART_DMAAbortOnError)
    UART_DMAAbortOnError                     0x08001639   Thumb Code    20  stm32f1xx_hal_uart.o(i.UART_DMAAbortOnError)
    i.UART_EndRxTransfer                     0x0800164c   Section        0  stm32f1xx_hal_uart.o(i.UART_EndRxTransfer)
    UART_EndRxTransfer                       0x0800164d   Thumb Code    32  stm32f1xx_hal_uart.o(i.UART_EndRxTransfer)
    i.UART_EndTransmit_IT                    0x0800166c   Section        0  stm32f1xx_hal_uart.o(i.UART_EndTransmit_IT)
    UART_EndTransmit_IT                      0x0800166d   Thumb Code    32  stm32f1xx_hal_uart.o(i.UART_EndTransmit_IT)
    i.UART_Receive_IT                        0x0800168c   Section        0  stm32f1xx_hal_uart.o(i.UART_Receive_IT)
    UART_Receive_IT                          0x0800168d   Thumb Code   160  stm32f1xx_hal_uart.o(i.UART_Receive_IT)
    i.UART_SetConfig                         0x0800172c   Section        0  stm32f1xx_hal_uart.o(i.UART_SetConfig)
    UART_SetConfig                           0x0800172d   Thumb Code   248  stm32f1xx_hal_uart.o(i.UART_SetConfig)
    i.UART_Transmit_IT                       0x08001828   Section        0  stm32f1xx_hal_uart.o(i.UART_Transmit_IT)
    UART_Transmit_IT                         0x08001829   Thumb Code    96  stm32f1xx_hal_uart.o(i.UART_Transmit_IT)
    i.USART1_IRQHandler                      0x08001888   Section        0  usart.o(i.USART1_IRQHandler)
    i.UsageFault_Handler                     0x08001898   Section        0  stm32f1xx_it.o(i.UsageFault_Handler)
    i.__NVIC_GetPriorityGrouping             0x0800189c   Section        0  stm32f1xx_hal_cortex.o(i.__NVIC_GetPriorityGrouping)
    __NVIC_GetPriorityGrouping               0x0800189d   Thumb Code    10  stm32f1xx_hal_cortex.o(i.__NVIC_GetPriorityGrouping)
    i.__NVIC_SetPriority                     0x080018ac   Section        0  stm32f1xx_hal_cortex.o(i.__NVIC_SetPriority)
    __NVIC_SetPriority                       0x080018ad   Thumb Code    32  stm32f1xx_hal_cortex.o(i.__NVIC_SetPriority)
    i._is_digit                              0x080018d4   Section        0  __printf_wp.o(i._is_digit)
    i._sys_exit                              0x080018e2   Section        0  usart.o(i._sys_exit)
    i.delay_init                             0x080018e8   Section        0  delay.o(i.delay_init)
    i.delay_ms                               0x080018f4   Section        0  delay.o(i.delay_ms)
    i.delay_us                               0x08001908   Section        0  delay.o(i.delay_us)
    i.fputc                                  0x08001950   Section        0  usart.o(i.fputc)
    i.main                                   0x0800196c   Section        0  main.o(i.main)
    i.mpu6050_getdata                        0x08001a04   Section        0  mpu6050.o(i.mpu6050_getdata)
    i.mpu6050_init                           0x08001a78   Section        0  mpu6050.o(i.mpu6050_init)
    i.mpu6050_receivebyte                    0x08001b24   Section        0  mpu6050.o(i.mpu6050_receivebyte)
    i.mpu6050_receivemultibytes              0x08001b82   Section        0  mpu6050.o(i.mpu6050_receivemultibytes)
    i.mpu6050_sendbyte                       0x08001bfa   Section        0  mpu6050.o(i.mpu6050_sendbyte)
    i.mpu_iic_delay                          0x08001c4e   Section        0  mpu_iic.o(i.mpu_iic_delay)
    i.mpu_iic_init                           0x08001c58   Section        0  mpu_iic.o(i.mpu_iic_init)
    i.mpu_iic_rec_byte                       0x08001cd8   Section        0  mpu_iic.o(i.mpu_iic_rec_byte)
    i.mpu_iic_send_ack                       0x08001d3c   Section        0  mpu_iic.o(i.mpu_iic_send_ack)
    i.mpu_iic_send_byte                      0x08001d90   Section        0  mpu_iic.o(i.mpu_iic_send_byte)
    i.mpu_iic_send_nack                      0x08001e04   Section        0  mpu_iic.o(i.mpu_iic_send_nack)
    i.mpu_iic_start                          0x08001e48   Section        0  mpu_iic.o(i.mpu_iic_start)
    i.mpu_iic_stop                           0x08001e88   Section        0  mpu_iic.o(i.mpu_iic_stop)
    i.mpu_iic_wait_ack                       0x08001ecc   Section        0  mpu_iic.o(i.mpu_iic_wait_ack)
    i.ol_iic_delay                           0x08001f28   Section        0  ol_iic.o(i.ol_iic_delay)
    i.ol_iic_init                            0x08001f34   Section        0  ol_iic.o(i.ol_iic_init)
    i.ol_iic_send_byte                       0x08001fb4   Section        0  ol_iic.o(i.ol_iic_send_byte)
    i.ol_iic_start                           0x08002028   Section        0  ol_iic.o(i.ol_iic_start)
    i.ol_iic_stop                            0x08002068   Section        0  ol_iic.o(i.ol_iic_stop)
    i.ol_iic_wait_ack                        0x080020ac   Section        0  ol_iic.o(i.ol_iic_wait_ack)
    i.oled_clear                             0x08002108   Section        0  oled.o(i.oled_clear)
    i.oled_init                              0x08002132   Section        0  oled.o(i.oled_init)
    i.oled_setcursor                         0x080021d0   Section        0  oled.o(i.oled_setcursor)
    i.oled_showchar                          0x080021f4   Section        0  oled.o(i.oled_showchar)
    i.oled_showstring                        0x0800228c   Section        0  oled.o(i.oled_showstring)
    i.oled_writecommand                      0x080022ba   Section        0  oled.o(i.oled_writecommand)
    i.oled_writedata                         0x080022f8   Section        0  oled.o(i.oled_writedata)
    i.sys_stm32_clock_init                   0x08002336   Section        0  sys.o(i.sys_stm32_clock_init)
    i.usart_init                             0x0800239c   Section        0  usart.o(i.usart_init)
    .constdata                               0x080023d4   Section       24  system_stm32f1xx.o(.constdata)
    .constdata                               0x080023ec   Section     2381  oled_data.o(.constdata)
    .constdata                               0x08002d39   Section       40  _printf_hex_int.o(.constdata)
    uc_hextab                                0x08002d39   Data          20  _printf_hex_int.o(.constdata)
    lc_hextab                                0x08002d4d   Data          20  _printf_hex_int.o(.constdata)
    .constdata                               0x08002d61   Section       17  __printf_flags_wp.o(.constdata)
    maptable                                 0x08002d61   Data          17  __printf_flags_wp.o(.constdata)
    .data                                    0x20000000   Section       12  main.o(.data)
    .data                                    0x2000000c   Section        4  system_stm32f1xx.o(.data)
    .data                                    0x20000010   Section        4  delay.o(.data)
    g_fac_us                                 0x20000010   Data           4  delay.o(.data)
    .data                                    0x20000014   Section        7  usart.o(.data)
    .data                                    0x2000001c   Section        9  stm32f1xx_hal.o(.data)
    .bss                                     0x20000028   Section      264  usart.o(.bss)
    .bss                                     0x20000130   Section       96  libspace.o(.bss)
    HEAP                                     0x20000190   Section      512  startup_stm32f101xb.o(HEAP)
    Heap_Mem                                 0x20000190   Data         512  startup_stm32f101xb.o(HEAP)
    STACK                                    0x20000390   Section     1024  startup_stm32f101xb.o(STACK)
    Stack_Mem                                0x20000390   Data        1024  startup_stm32f101xb.o(STACK)
    __initial_sp                             0x20000790   Data           0  startup_stm32f101xb.o(STACK)

    Global Symbols

    Symbol Name                              Value     Ov Type        Size  Object(Section)

    BuildAttributes$$THM_ISAv4$P$D$K$B$S$PE$A:L22UL41UL21$X:L11$S22US41US21$IEEE1$IW$USESV6$~STKCKD$USESV7$~SHL$OSPACE$ROPI$EBA8$UX$STANDARDLIB$REQ8$PRES8$EABIv2 0x00000000   Number         0  anon$$obj.o ABSOLUTE
    __ARM_use_no_argv                        0x00000000   Number         0  main.o ABSOLUTE
    _printf_flags                            0x00000000   Number         0  printf_stubs.o ABSOLUTE
    _printf_return_value                     0x00000000   Number         0  printf_stubs.o ABSOLUTE
    _printf_sizespec                         0x00000000   Number         0  printf_stubs.o ABSOLUTE
    _printf_widthprec                        0x00000000   Number         0  printf_stubs.o ABSOLUTE
    __ARM_exceptions_init                     - Undefined Weak Reference
    __alloca_initialize                       - Undefined Weak Reference
    __arm_fini_                               - Undefined Weak Reference
    __arm_preinit_                            - Undefined Weak Reference
    __cpp_initialize__aeabi_                  - Undefined Weak Reference
    __cxa_finalize                            - Undefined Weak Reference
    __rt_locale                               - Undefined Weak Reference
    __sigvec_lookup                           - Undefined Weak Reference
    _atexit_init                              - Undefined Weak Reference
    _call_atexit_fns                          - Undefined Weak Reference
    _clock_init                               - Undefined Weak Reference
    _fp_trap_init                             - Undefined Weak Reference
    _fp_trap_shutdown                         - Undefined Weak Reference
    _get_lc_collate                           - Undefined Weak Reference
    _get_lc_ctype                             - Undefined Weak Reference
    _get_lc_monetary                          - Undefined Weak Reference
    _get_lc_numeric                           - Undefined Weak Reference
    _get_lc_time                              - Undefined Weak Reference
    _getenv_init                              - Undefined Weak Reference
    _handle_redirection                       - Undefined Weak Reference
    _init_alloc                               - Undefined Weak Reference
    _init_user_alloc                          - Undefined Weak Reference
    _initio                                   - Undefined Weak Reference
    _mutex_acquire                            - Undefined Weak Reference
    _mutex_release                            - Undefined Weak Reference
    _printf_truncate_signed                   - Undefined Weak Reference
    _printf_truncate_unsigned                 - Undefined Weak Reference
    _rand_init                                - Undefined Weak Reference
    _signal_finish                            - Undefined Weak Reference
    _signal_init                              - Undefined Weak Reference
    _terminate_alloc                          - Undefined Weak Reference
    _terminate_user_alloc                     - Undefined Weak Reference
    _terminateio                              - Undefined Weak Reference
    __Vectors_Size                           0x000000e8   Number         0  startup_stm32f101xb.o ABSOLUTE
    __Vectors                                0x08000000   Data           4  startup_stm32f101xb.o(RESET)
    __Vectors_End                            0x080000e8   Data           0  startup_stm32f101xb.o(RESET)
    __main                                   0x080000e9   Thumb Code     8  __main.o(!!!main)
    __scatterload                            0x080000f1   Thumb Code     0  __scatter.o(!!!scatter)
    __scatterload_rt2                        0x080000f1   Thumb Code    44  __scatter.o(!!!scatter)
    __scatterload_rt2_thumb_only             0x080000f1   Thumb Code     0  __scatter.o(!!!scatter)
    __scatterload_null                       0x080000ff   Thumb Code     0  __scatter.o(!!!scatter)
    __scatterload_copy                       0x08000125   Thumb Code    26  __scatter_copy.o(!!handler_copy)
    __scatterload_zeroinit                   0x08000141   Thumb Code    28  __scatter_zi.o(!!handler_zi)
    _printf_d                                0x0800015d   Thumb Code     0  _printf_d.o(.ARM.Collect$$_printf_percent$$00000009)
    _printf_percent                          0x0800015d   Thumb Code     0  _printf_percent.o(.ARM.Collect$$_printf_percent$$00000000)
    _printf_x                                0x08000163   Thumb Code     0  _printf_x.o(.ARM.Collect$$_printf_percent$$0000000C)
    _printf_percent_end                      0x08000169   Thumb Code     0  _printf_percent_end.o(.ARM.Collect$$_printf_percent$$00000017)
    __rt_lib_init                            0x0800016d   Thumb Code     0  libinit.o(.ARM.Collect$$libinit$$00000000)
    __rt_lib_init_alloca_1                   0x0800016f   Thumb Code     0  libinit2.o(.ARM.Collect$$libinit$$0000002E)
    __rt_lib_init_argv_1                     0x0800016f   Thumb Code     0  libinit2.o(.ARM.Collect$$libinit$$0000002C)
    __rt_lib_init_atexit_1                   0x0800016f   Thumb Code     0  libinit2.o(.ARM.Collect$$libinit$$0000001B)
    __rt_lib_init_clock_1                    0x0800016f   Thumb Code     0  libinit2.o(.ARM.Collect$$libinit$$00000021)
    __rt_lib_init_cpp_1                      0x0800016f   Thumb Code     0  libinit2.o(.ARM.Collect$$libinit$$00000032)
    __rt_lib_init_exceptions_1               0x0800016f   Thumb Code     0  libinit2.o(.ARM.Collect$$libinit$$00000030)
    __rt_lib_init_fp_1                       0x0800016f   Thumb Code     0  libinit2.o(.ARM.Collect$$libinit$$00000002)
    __rt_lib_init_fp_trap_1                  0x0800016f   Thumb Code     0  libinit2.o(.ARM.Collect$$libinit$$0000001F)
    __rt_lib_init_getenv_1                   0x0800016f   Thumb Code     0  libinit2.o(.ARM.Collect$$libinit$$00000023)
    __rt_lib_init_heap_1                     0x0800016f   Thumb Code     0  libinit2.o(.ARM.Collect$$libinit$$0000000A)
    __rt_lib_init_lc_collate_1               0x0800016f   Thumb Code     0  libinit2.o(.ARM.Collect$$libinit$$00000011)
    __rt_lib_init_lc_ctype_1                 0x0800016f   Thumb Code     0  libinit2.o(.ARM.Collect$$libinit$$00000013)
    __rt_lib_init_lc_monetary_1              0x0800016f   Thumb Code     0  libinit2.o(.ARM.Collect$$libinit$$00000015)
    __rt_lib_init_lc_numeric_1               0x0800016f   Thumb Code     0  libinit2.o(.ARM.Collect$$libinit$$00000017)
    __rt_lib_init_lc_time_1                  0x0800016f   Thumb Code     0  libinit2.o(.ARM.Collect$$libinit$$00000019)
    __rt_lib_init_preinit_1                  0x0800016f   Thumb Code     0  libinit2.o(.ARM.Collect$$libinit$$00000004)
    __rt_lib_init_rand_1                     0x0800016f   Thumb Code     0  libinit2.o(.ARM.Collect$$libinit$$0000000E)
    __rt_lib_init_return                     0x0800016f   Thumb Code     0  libinit2.o(.ARM.Collect$$libinit$$00000033)
    __rt_lib_init_signal_1                   0x0800016f   Thumb Code     0  libinit2.o(.ARM.Collect$$libinit$$0000001D)
    __rt_lib_init_stdio_1                    0x0800016f   Thumb Code     0  libinit2.o(.ARM.Collect$$libinit$$00000025)
    __rt_lib_init_user_alloc_1               0x0800016f   Thumb Code     0  libinit2.o(.ARM.Collect$$libinit$$0000000C)
    __rt_lib_shutdown                        0x08000171   Thumb Code     0  libshutdown.o(.ARM.Collect$$libshutdown$$00000000)
    __rt_lib_shutdown_cpp_1                  0x08000173   Thumb Code     0  libshutdown2.o(.ARM.Collect$$libshutdown$$00000004)
    __rt_lib_shutdown_fini_1                 0x08000173   Thumb Code     0  libshutdown2.o(.ARM.Collect$$libshutdown$$00000002)
    __rt_lib_shutdown_fp_trap_1              0x08000173   Thumb Code     0  libshutdown2.o(.ARM.Collect$$libshutdown$$00000009)
    __rt_lib_shutdown_heap_1                 0x08000173   Thumb Code     0  libshutdown2.o(.ARM.Collect$$libshutdown$$00000011)
    __rt_lib_shutdown_return                 0x08000173   Thumb Code     0  libshutdown2.o(.ARM.Collect$$libshutdown$$00000012)
    __rt_lib_shutdown_signal_1               0x08000173   Thumb Code     0  libshutdown2.o(.ARM.Collect$$libshutdown$$0000000C)
    __rt_lib_shutdown_stdio_1                0x08000173   Thumb Code     0  libshutdown2.o(.ARM.Collect$$libshutdown$$00000006)
    __rt_lib_shutdown_user_alloc_1           0x08000173   Thumb Code     0  libshutdown2.o(.ARM.Collect$$libshutdown$$0000000E)
    __rt_entry                               0x08000175   Thumb Code     0  __rtentry.o(.ARM.Collect$$rtentry$$00000000)
    __rt_entry_presh_1                       0x08000175   Thumb Code     0  __rtentry2.o(.ARM.Collect$$rtentry$$00000002)
    __rt_entry_sh                            0x08000175   Thumb Code     0  __rtentry4.o(.ARM.Collect$$rtentry$$00000004)
    __rt_entry_li                            0x0800017b   Thumb Code     0  __rtentry2.o(.ARM.Collect$$rtentry$$0000000A)
    __rt_entry_postsh_1                      0x0800017b   Thumb Code     0  __rtentry2.o(.ARM.Collect$$rtentry$$00000009)
    __rt_entry_main                          0x0800017f   Thumb Code     0  __rtentry2.o(.ARM.Collect$$rtentry$$0000000D)
    __rt_entry_postli_1                      0x0800017f   Thumb Code     0  __rtentry2.o(.ARM.Collect$$rtentry$$0000000C)
    __rt_exit                                0x08000187   Thumb Code     0  rtexit.o(.ARM.Collect$$rtexit$$00000000)
    __rt_exit_ls                             0x08000189   Thumb Code     0  rtexit2.o(.ARM.Collect$$rtexit$$00000003)
    __rt_exit_prels_1                        0x08000189   Thumb Code     0  rtexit2.o(.ARM.Collect$$rtexit$$00000002)
    __rt_exit_exit                           0x0800018d   Thumb Code     0  rtexit2.o(.ARM.Collect$$rtexit$$00000004)
    Reset_Handler                            0x08000195   Thumb Code     8  startup_stm32f101xb.o(.text)
    ADC1_IRQHandler                          0x080001af   Thumb Code     0  startup_stm32f101xb.o(.text)
    DMA1_Channel1_IRQHandler                 0x080001af   Thumb Code     0  startup_stm32f101xb.o(.text)
    DMA1_Channel2_IRQHandler                 0x080001af   Thumb Code     0  startup_stm32f101xb.o(.text)
    DMA1_Channel3_IRQHandler                 0x080001af   Thumb Code     0  startup_stm32f101xb.o(.text)
    DMA1_Channel4_IRQHandler                 0x080001af   Thumb Code     0  startup_stm32f101xb.o(.text)
    DMA1_Channel5_IRQHandler                 0x080001af   Thumb Code     0  startup_stm32f101xb.o(.text)
    DMA1_Channel6_IRQHandler                 0x080001af   Thumb Code     0  startup_stm32f101xb.o(.text)
    DMA1_Channel7_IRQHandler                 0x080001af   Thumb Code     0  startup_stm32f101xb.o(.text)
    EXTI0_IRQHandler                         0x080001af   Thumb Code     0  startup_stm32f101xb.o(.text)
    EXTI15_10_IRQHandler                     0x080001af   Thumb Code     0  startup_stm32f101xb.o(.text)
    EXTI1_IRQHandler                         0x080001af   Thumb Code     0  startup_stm32f101xb.o(.text)
    EXTI2_IRQHandler                         0x080001af   Thumb Code     0  startup_stm32f101xb.o(.text)
    EXTI3_IRQHandler                         0x080001af   Thumb Code     0  startup_stm32f101xb.o(.text)
    EXTI4_IRQHandler                         0x080001af   Thumb Code     0  startup_stm32f101xb.o(.text)
    EXTI9_5_IRQHandler                       0x080001af   Thumb Code     0  startup_stm32f101xb.o(.text)
    FLASH_IRQHandler                         0x080001af   Thumb Code     0  startup_stm32f101xb.o(.text)
    I2C1_ER_IRQHandler                       0x080001af   Thumb Code     0  startup_stm32f101xb.o(.text)
    I2C1_EV_IRQHandler                       0x080001af   Thumb Code     0  startup_stm32f101xb.o(.text)
    I2C2_ER_IRQHandler                       0x080001af   Thumb Code     0  startup_stm32f101xb.o(.text)
    I2C2_EV_IRQHandler                       0x080001af   Thumb Code     0  startup_stm32f101xb.o(.text)
    PVD_IRQHandler                           0x080001af   Thumb Code     0  startup_stm32f101xb.o(.text)
    RCC_IRQHandler                           0x080001af   Thumb Code     0  startup_stm32f101xb.o(.text)
    RTC_Alarm_IRQHandler                     0x080001af   Thumb Code     0  startup_stm32f101xb.o(.text)
    RTC_IRQHandler                           0x080001af   Thumb Code     0  startup_stm32f101xb.o(.text)
    SPI1_IRQHandler                          0x080001af   Thumb Code     0  startup_stm32f101xb.o(.text)
    SPI2_IRQHandler                          0x080001af   Thumb Code     0  startup_stm32f101xb.o(.text)
    TAMPER_IRQHandler                        0x080001af   Thumb Code     0  startup_stm32f101xb.o(.text)
    TIM2_IRQHandler                          0x080001af   Thumb Code     0  startup_stm32f101xb.o(.text)
    TIM3_IRQHandler                          0x080001af   Thumb Code     0  startup_stm32f101xb.o(.text)
    TIM4_IRQHandler                          0x080001af   Thumb Code     0  startup_stm32f101xb.o(.text)
    USART2_IRQHandler                        0x080001af   Thumb Code     0  startup_stm32f101xb.o(.text)
    USART3_IRQHandler                        0x080001af   Thumb Code     0  startup_stm32f101xb.o(.text)
    WWDG_IRQHandler                          0x080001af   Thumb Code     0  startup_stm32f101xb.o(.text)
    __user_initial_stackheap                 0x080001b1   Thumb Code     0  startup_stm32f101xb.o(.text)
    __use_no_semihosting                     0x080001d5   Thumb Code     2  use_no_semi_2.o(.text)
    __2printf                                0x080001d9   Thumb Code    20  noretval__2printf.o(.text)
    _printf_pre_padding                      0x080001f1   Thumb Code    44  _printf_pad.o(.text)
    _printf_post_padding                     0x0800021d   Thumb Code    34  _printf_pad.o(.text)
    _printf_int_dec                          0x08000241   Thumb Code   104  _printf_dec.o(.text)
    _printf_int_hex                          0x080002b9   Thumb Code    84  _printf_hex_int.o(.text)
    _printf_longlong_hex                     0x080002b9   Thumb Code     0  _printf_hex_int.o(.text)
    __printf                                 0x08000311   Thumb Code   308  __printf_flags_wp.o(.text)
    __aeabi_memclr4                          0x08000449   Thumb Code     0  rt_memclr_w.o(.text)
    __aeabi_memclr8                          0x08000449   Thumb Code     0  rt_memclr_w.o(.text)
    __rt_memclr_w                            0x08000449   Thumb Code    78  rt_memclr_w.o(.text)
    _memset_w                                0x0800044d   Thumb Code     0  rt_memclr_w.o(.text)
    __use_two_region_memory                  0x08000497   Thumb Code     2  heapauxi.o(.text)
    __rt_heap_escrow$2region                 0x08000499   Thumb Code     2  heapauxi.o(.text)
    __rt_heap_expand$2region                 0x0800049b   Thumb Code     2  heapauxi.o(.text)
    __semihosting$guard                      0x0800049d   Thumb Code     0  use_no_semi.o(.text)
    __use_no_semihosting_swi                 0x0800049d   Thumb Code     2  use_no_semi.o(.text)
    _printf_int_common                       0x0800049f   Thumb Code   178  _printf_intcommon.o(.text)
    _printf_char_file                        0x08000551   Thumb Code    32  _printf_char_file.o(.text)
    _printf_char_common                      0x0800057f   Thumb Code    32  _printf_char_common.o(.text)
    ferror                                   0x080005a5   Thumb Code     8  ferror.o(.text)
    __user_setup_stackheap                   0x080005ad   Thumb Code    74  sys_stackheap_outer.o(.text)
    exit                                     0x080005f7   Thumb Code    18  exit.o(.text)
    __user_libspace                          0x08000609   Thumb Code     8  libspace.o(.text)
    __user_perproc_libspace                  0x08000609   Thumb Code     0  libspace.o(.text)
    __user_perthread_libspace                0x08000609   Thumb Code     0  libspace.o(.text)
    BusFault_Handler                         0x08000611   Thumb Code     4  stm32f1xx_it.o(i.BusFault_Handler)
    DebugMon_Handler                         0x08000615   Thumb Code     2  stm32f1xx_it.o(i.DebugMon_Handler)
    HAL_DMA_Abort_IT                         0x08000619   Thumb Code   172  stm32f1xx_hal_dma.o(i.HAL_DMA_Abort_IT)
    HAL_GPIO_Init                            0x080006c9   Thumb Code   766  stm32f1xx_hal_gpio.o(i.HAL_GPIO_Init)
    HAL_GPIO_ReadPin                         0x080009e9   Thumb Code    16  stm32f1xx_hal_gpio.o(i.HAL_GPIO_ReadPin)
    HAL_GPIO_WritePin                        0x080009f9   Thumb Code    12  stm32f1xx_hal_gpio.o(i.HAL_GPIO_WritePin)
    HAL_GetTick                              0x08000a05   Thumb Code     6  stm32f1xx_hal.o(i.HAL_GetTick)
    HAL_IncTick                              0x08000a11   Thumb Code    16  stm32f1xx_hal.o(i.HAL_IncTick)
    HAL_Init                                 0x08000a29   Thumb Code    34  stm32f1xx_hal.o(i.HAL_Init)
    HAL_InitTick                             0x08000a51   Thumb Code    64  stm32f1xx_hal.o(i.HAL_InitTick)
    HAL_MspInit                              0x08000a9d   Thumb Code     2  stm32f1xx_hal.o(i.HAL_MspInit)
    HAL_NVIC_EnableIRQ                       0x08000a9f   Thumb Code    32  stm32f1xx_hal_cortex.o(i.HAL_NVIC_EnableIRQ)
    HAL_NVIC_SetPriority                     0x08000abf   Thumb Code   124  stm32f1xx_hal_cortex.o(i.HAL_NVIC_SetPriority)
    HAL_NVIC_SetPriorityGrouping             0x08000b3d   Thumb Code    32  stm32f1xx_hal_cortex.o(i.HAL_NVIC_SetPriorityGrouping)
    HAL_RCC_ClockConfig                      0x08000b65   Thumb Code   376  stm32f1xx_hal_rcc.o(i.HAL_RCC_ClockConfig)
    HAL_RCC_GetHCLKFreq                      0x08000cf1   Thumb Code     6  stm32f1xx_hal_rcc.o(i.HAL_RCC_GetHCLKFreq)
    HAL_RCC_GetPCLK1Freq                     0x08000cfd   Thumb Code    22  stm32f1xx_hal_rcc.o(i.HAL_RCC_GetPCLK1Freq)
    HAL_RCC_GetPCLK2Freq                     0x08000d1d   Thumb Code    22  stm32f1xx_hal_rcc.o(i.HAL_RCC_GetPCLK2Freq)
    HAL_RCC_GetSysClockFreq                  0x08000d3d   Thumb Code   116  stm32f1xx_hal_rcc.o(i.HAL_RCC_GetSysClockFreq)
    HAL_RCC_OscConfig                        0x08000dd1   Thumb Code  1114  stm32f1xx_hal_rcc.o(i.HAL_RCC_OscConfig)
    HAL_SYSTICK_Config                       0x08001235   Thumb Code    52  stm32f1xx_hal_cortex.o(i.HAL_SYSTICK_Config)
    HAL_UART_ErrorCallback                   0x08001269   Thumb Code     2  stm32f1xx_hal_uart.o(i.HAL_UART_ErrorCallback)
    HAL_UART_IRQHandler                      0x0800126d   Thumb Code   334  stm32f1xx_hal_uart.o(i.HAL_UART_IRQHandler)
    HAL_UART_Init                            0x080013c1   Thumb Code   114  stm32f1xx_hal_uart.o(i.HAL_UART_Init)
    HAL_UART_MspInit                         0x08001435   Thumb Code   168  usart.o(i.HAL_UART_MspInit)
    HAL_UART_Receive_IT                      0x080014e9   Thumb Code   112  stm32f1xx_hal_uart.o(i.HAL_UART_Receive_IT)
    HAL_UART_RxCpltCallback                  0x08001559   Thumb Code   134  usart.o(i.HAL_UART_RxCpltCallback)
    HAL_UART_TxCpltCallback                  0x080015f5   Thumb Code     2  stm32f1xx_hal_uart.o(i.HAL_UART_TxCpltCallback)
    HardFault_Handler                        0x080015f7   Thumb Code     4  stm32f1xx_it.o(i.HardFault_Handler)
    MemManage_Handler                        0x080015fb   Thumb Code     4  stm32f1xx_it.o(i.MemManage_Handler)
    NMI_Handler                              0x080015ff   Thumb Code     2  stm32f1xx_it.o(i.NMI_Handler)
    PendSV_Handler                           0x08001601   Thumb Code     2  stm32f1xx_it.o(i.PendSV_Handler)
    SVC_Handler                              0x0800162d   Thumb Code     2  stm32f1xx_it.o(i.SVC_Handler)
    SysTick_Handler                          0x0800162f   Thumb Code     8  stm32f1xx_it.o(i.SysTick_Handler)
    SystemInit                               0x08001637   Thumb Code     2  system_stm32f1xx.o(i.SystemInit)
    USART1_IRQHandler                        0x08001889   Thumb Code    10  usart.o(i.USART1_IRQHandler)
    UsageFault_Handler                       0x08001899   Thumb Code     4  stm32f1xx_it.o(i.UsageFault_Handler)
    _is_digit                                0x080018d5   Thumb Code    14  __printf_wp.o(i._is_digit)
    _sys_exit                                0x080018e3   Thumb Code     4  usart.o(i._sys_exit)
    delay_init                               0x080018e9   Thumb Code     6  delay.o(i.delay_init)
    delay_ms                                 0x080018f5   Thumb Code    18  delay.o(i.delay_ms)
    delay_us                                 0x08001909   Thumb Code    68  delay.o(i.delay_us)
    fputc                                    0x08001951   Thumb Code    24  usart.o(i.fputc)
    main                                     0x0800196d   Thumb Code   108  main.o(i.main)
    mpu6050_getdata                          0x08001a05   Thumb Code   116  mpu6050.o(i.mpu6050_getdata)
    mpu6050_init                             0x08001a79   Thumb Code    76  mpu6050.o(i.mpu6050_init)
    mpu6050_receivebyte                      0x08001b25   Thumb Code    94  mpu6050.o(i.mpu6050_receivebyte)
    mpu6050_receivemultibytes                0x08001b83   Thumb Code   120  mpu6050.o(i.mpu6050_receivemultibytes)
    mpu6050_sendbyte                         0x08001bfb   Thumb Code    84  mpu6050.o(i.mpu6050_sendbyte)
    mpu_iic_delay                            0x08001c4f   Thumb Code    10  mpu_iic.o(i.mpu_iic_delay)
    mpu_iic_init                             0x08001c59   Thumb Code   120  mpu_iic.o(i.mpu_iic_init)
    mpu_iic_rec_byte                         0x08001cd9   Thumb Code    96  mpu_iic.o(i.mpu_iic_rec_byte)
    mpu_iic_send_ack                         0x08001d3d   Thumb Code    80  mpu_iic.o(i.mpu_iic_send_ack)
    mpu_iic_send_byte                        0x08001d91   Thumb Code   110  mpu_iic.o(i.mpu_iic_send_byte)
    mpu_iic_send_nack                        0x08001e05   Thumb Code    64  mpu_iic.o(i.mpu_iic_send_nack)
    mpu_iic_start                            0x08001e49   Thumb Code    60  mpu_iic.o(i.mpu_iic_start)
    mpu_iic_stop                             0x08001e89   Thumb Code    64  mpu_iic.o(i.mpu_iic_stop)
    mpu_iic_wait_ack                         0x08001ecd   Thumb Code    86  mpu_iic.o(i.mpu_iic_wait_ack)
    ol_iic_delay                             0x08001f29   Thumb Code    10  ol_iic.o(i.ol_iic_delay)
    ol_iic_init                              0x08001f35   Thumb Code   120  ol_iic.o(i.ol_iic_init)
    ol_iic_send_byte                         0x08001fb5   Thumb Code   110  ol_iic.o(i.ol_iic_send_byte)
    ol_iic_start                             0x08002029   Thumb Code    60  ol_iic.o(i.ol_iic_start)
    ol_iic_stop                              0x08002069   Thumb Code    64  ol_iic.o(i.ol_iic_stop)
    ol_iic_wait_ack                          0x080020ad   Thumb Code    86  ol_iic.o(i.ol_iic_wait_ack)
    oled_clear                               0x08002109   Thumb Code    42  oled.o(i.oled_clear)
    oled_init                                0x08002133   Thumb Code   158  oled.o(i.oled_init)
    oled_setcursor                           0x080021d1   Thumb Code    34  oled.o(i.oled_setcursor)
    oled_showchar                            0x080021f5   Thumb Code   144  oled.o(i.oled_showchar)
    oled_showstring                          0x0800228d   Thumb Code    46  oled.o(i.oled_showstring)
    oled_writecommand                        0x080022bb   Thumb Code    62  oled.o(i.oled_writecommand)
    oled_writedata                           0x080022f9   Thumb Code    62  oled.o(i.oled_writedata)
    sys_stm32_clock_init                     0x08002337   Thumb Code   102  sys.o(i.sys_stm32_clock_init)
    usart_init                               0x0800239d   Thumb Code    44  usart.o(i.usart_init)
    AHBPrescTable                            0x080023d4   Data          16  system_stm32f1xx.o(.constdata)
    APBPrescTable                            0x080023e4   Data           8  system_stm32f1xx.o(.constdata)
    OLED_F8x16                               0x080023ec   Data        1520  oled_data.o(.constdata)
    OLED_F6x8                                0x080029dc   Data         570  oled_data.o(.constdata)
    OLED_CF16x16                             0x08002c16   Data         259  oled_data.o(.constdata)
    Diode                                    0x08002d19   Data          32  oled_data.o(.constdata)
    Region$$Table$$Base                      0x08002d74   Number         0  anon$$obj.o(Region$$Table)
    Region$$Table$$Limit                     0x08002d94   Number         0  anon$$obj.o(Region$$Table)
    accel_data                               0x20000000   Data           6  main.o(.data)
    gyro_data                                0x20000006   Data           6  main.o(.data)
    SystemCoreClock                          0x2000000c   Data           4  system_stm32f1xx.o(.data)
    __stdout                                 0x20000014   Data           4  usart.o(.data)
    g_usart_rx_sta                           0x20000018   Data           2  usart.o(.data)
    g_rx_buffer                              0x2000001a   Data           1  usart.o(.data)
    uwTick                                   0x2000001c   Data           4  stm32f1xx_hal.o(.data)
    uwTickPrio                               0x20000020   Data           4  stm32f1xx_hal.o(.data)
    uwTickFreq                               0x20000024   Data           1  stm32f1xx_hal.o(.data)
    g_usart_rx_buf                           0x20000028   Data         200  usart.o(.bss)
    g_uart1_handle                           0x200000f0   Data          64  usart.o(.bss)
    __libspace_start                         0x20000130   Data          96  libspace.o(.bss)
    __temporary_stack_top$libspace           0x20000190   Data           0  libspace.o(.bss)



==============================================================================

Memory Map of the image

  Image Entry point : 0x080000e9

  Load Region LR_IROM1 (Base: 0x08000000, Size: 0x00002dbc, Max: 0x00010000, ABSOLUTE)

    Execution Region ER_IROM1 (Exec base: 0x08000000, Load base: 0x08000000, Size: 0x00002d94, Max: 0x00010000, ABSOLUTE)

    Exec Addr    Load Addr    Size         Type   Attr      Idx    E Section Name        Object

    0x08000000   0x08000000   0x000000e8   Data   RO            3    RESET               startup_stm32f101xb.o
    0x080000e8   0x080000e8   0x00000008   Code   RO         3062  * !!!main             c_w.l(__main.o)
    0x080000f0   0x080000f0   0x00000034   Code   RO         3227    !!!scatter          c_w.l(__scatter.o)
    0x08000124   0x08000124   0x0000001a   Code   RO         3229    !!handler_copy      c_w.l(__scatter_copy.o)
    0x0800013e   0x0800013e   0x00000002   PAD
    0x08000140   0x08000140   0x0000001c   Code   RO         3231    !!handler_zi        c_w.l(__scatter_zi.o)
    0x0800015c   0x0800015c   0x00000000   Code   RO         3057    .ARM.Collect$$_printf_percent$$00000000  c_w.l(_printf_percent.o)
    0x0800015c   0x0800015c   0x00000006   Code   RO         3056    .ARM.Collect$$_printf_percent$$00000009  c_w.l(_printf_d.o)
    0x08000162   0x08000162   0x00000006   Code   RO         3055    .ARM.Collect$$_printf_percent$$0000000C  c_w.l(_printf_x.o)
    0x08000168   0x08000168   0x00000004   Code   RO         3071    .ARM.Collect$$_printf_percent$$00000017  c_w.l(_printf_percent_end.o)
    0x0800016c   0x0800016c   0x00000002   Code   RO         3104    .ARM.Collect$$libinit$$00000000  c_w.l(libinit.o)
    0x0800016e   0x0800016e   0x00000000   Code   RO         3111    .ARM.Collect$$libinit$$00000002  c_w.l(libinit2.o)
    0x0800016e   0x0800016e   0x00000000   Code   RO         3113    .ARM.Collect$$libinit$$00000004  c_w.l(libinit2.o)
    0x0800016e   0x0800016e   0x00000000   Code   RO         3116    .ARM.Collect$$libinit$$0000000A  c_w.l(libinit2.o)
    0x0800016e   0x0800016e   0x00000000   Code   RO         3118    .ARM.Collect$$libinit$$0000000C  c_w.l(libinit2.o)
    0x0800016e   0x0800016e   0x00000000   Code   RO         3120    .ARM.Collect$$libinit$$0000000E  c_w.l(libinit2.o)
    0x0800016e   0x0800016e   0x00000000   Code   RO         3123    .ARM.Collect$$libinit$$00000011  c_w.l(libinit2.o)
    0x0800016e   0x0800016e   0x00000000   Code   RO         3125    .ARM.Collect$$libinit$$00000013  c_w.l(libinit2.o)
    0x0800016e   0x0800016e   0x00000000   Code   RO         3127    .ARM.Collect$$libinit$$00000015  c_w.l(libinit2.o)
    0x0800016e   0x0800016e   0x00000000   Code   RO         3129    .ARM.Collect$$libinit$$00000017  c_w.l(libinit2.o)
    0x0800016e   0x0800016e   0x00000000   Code   RO         3131    .ARM.Collect$$libinit$$00000019  c_w.l(libinit2.o)
    0x0800016e   0x0800016e   0x00000000   Code   RO         3133    .ARM.Collect$$libinit$$0000001B  c_w.l(libinit2.o)
    0x0800016e   0x0800016e   0x00000000   Code   RO         3135    .ARM.Collect$$libinit$$0000001D  c_w.l(libinit2.o)
    0x0800016e   0x0800016e   0x00000000   Code   RO         3137    .ARM.Collect$$libinit$$0000001F  c_w.l(libinit2.o)
    0x0800016e   0x0800016e   0x00000000   Code   RO         3139    .ARM.Collect$$libinit$$00000021  c_w.l(libinit2.o)
    0x0800016e   0x0800016e   0x00000000   Code   RO         3141    .ARM.Collect$$libinit$$00000023  c_w.l(libinit2.o)
    0x0800016e   0x0800016e   0x00000000   Code   RO         3143    .ARM.Collect$$libinit$$00000025  c_w.l(libinit2.o)
    0x0800016e   0x0800016e   0x00000000   Code   RO         3147    .ARM.Collect$$libinit$$0000002C  c_w.l(libinit2.o)
    0x0800016e   0x0800016e   0x00000000   Code   RO         3149    .ARM.Collect$$libinit$$0000002E  c_w.l(libinit2.o)
    0x0800016e   0x0800016e   0x00000000   Code   RO         3151    .ARM.Collect$$libinit$$00000030  c_w.l(libinit2.o)
    0x0800016e   0x0800016e   0x00000000   Code   RO         3153    .ARM.Collect$$libinit$$00000032  c_w.l(libinit2.o)
    0x0800016e   0x0800016e   0x00000002   Code   RO         3154    .ARM.Collect$$libinit$$00000033  c_w.l(libinit2.o)
    0x08000170   0x08000170   0x00000002   Code   RO         3172    .ARM.Collect$$libshutdown$$00000000  c_w.l(libshutdown.o)
    0x08000172   0x08000172   0x00000000   Code   RO         3180    .ARM.Collect$$libshutdown$$00000002  c_w.l(libshutdown2.o)
    0x08000172   0x08000172   0x00000000   Code   RO         3182    .ARM.Collect$$libshutdown$$00000004  c_w.l(libshutdown2.o)
    0x08000172   0x08000172   0x00000000   Code   RO         3184    .ARM.Collect$$libshutdown$$00000006  c_w.l(libshutdown2.o)
    0x08000172   0x08000172   0x00000000   Code   RO         3187    .ARM.Collect$$libshutdown$$00000009  c_w.l(libshutdown2.o)
    0x08000172   0x08000172   0x00000000   Code   RO         3190    .ARM.Collect$$libshutdown$$0000000C  c_w.l(libshutdown2.o)
    0x08000172   0x08000172   0x00000000   Code   RO         3192    .ARM.Collect$$libshutdown$$0000000E  c_w.l(libshutdown2.o)
    0x08000172   0x08000172   0x00000000   Code   RO         3195    .ARM.Collect$$libshutdown$$00000011  c_w.l(libshutdown2.o)
    0x08000172   0x08000172   0x00000002   Code   RO         3196    .ARM.Collect$$libshutdown$$00000012  c_w.l(libshutdown2.o)
    0x08000174   0x08000174   0x00000000   Code   RO         3066    .ARM.Collect$$rtentry$$00000000  c_w.l(__rtentry.o)
    0x08000174   0x08000174   0x00000000   Code   RO         3073    .ARM.Collect$$rtentry$$00000002  c_w.l(__rtentry2.o)
    0x08000174   0x08000174   0x00000006   Code   RO         3085    .ARM.Collect$$rtentry$$00000004  c_w.l(__rtentry4.o)
    0x0800017a   0x0800017a   0x00000000   Code   RO         3075    .ARM.Collect$$rtentry$$00000009  c_w.l(__rtentry2.o)
    0x0800017a   0x0800017a   0x00000004   Code   RO         3076    .ARM.Collect$$rtentry$$0000000A  c_w.l(__rtentry2.o)
    0x0800017e   0x0800017e   0x00000000   Code   RO         3078    .ARM.Collect$$rtentry$$0000000C  c_w.l(__rtentry2.o)
    0x0800017e   0x0800017e   0x00000008   Code   RO         3079    .ARM.Collect$$rtentry$$0000000D  c_w.l(__rtentry2.o)
    0x08000186   0x08000186   0x00000002   Code   RO         3108    .ARM.Collect$$rtexit$$00000000  c_w.l(rtexit.o)
    0x08000188   0x08000188   0x00000000   Code   RO         3156    .ARM.Collect$$rtexit$$00000002  c_w.l(rtexit2.o)
    0x08000188   0x08000188   0x00000004   Code   RO         3157    .ARM.Collect$$rtexit$$00000003  c_w.l(rtexit2.o)
    0x0800018c   0x0800018c   0x00000006   Code   RO         3158    .ARM.Collect$$rtexit$$00000004  c_w.l(rtexit2.o)
    0x08000192   0x08000192   0x00000002   PAD
    0x08000194   0x08000194   0x00000040   Code   RO            4    .text               startup_stm32f101xb.o
    0x080001d4   0x080001d4   0x00000002   Code   RO         3002    .text               c_w.l(use_no_semi_2.o)
    0x080001d6   0x080001d6   0x00000002   PAD
    0x080001d8   0x080001d8   0x00000018   Code   RO         3006    .text               c_w.l(noretval__2printf.o)
    0x080001f0   0x080001f0   0x0000004e   Code   RO         3010    .text               c_w.l(_printf_pad.o)
    0x0800023e   0x0800023e   0x00000002   PAD
    0x08000240   0x08000240   0x00000078   Code   RO         3012    .text               c_w.l(_printf_dec.o)
    0x080002b8   0x080002b8   0x00000058   Code   RO         3017    .text               c_w.l(_printf_hex_int.o)
    0x08000310   0x08000310   0x00000138   Code   RO         3047    .text               c_w.l(__printf_flags_wp.o)
    0x08000448   0x08000448   0x0000004e   Code   RO         3058    .text               c_w.l(rt_memclr_w.o)
    0x08000496   0x08000496   0x00000006   Code   RO         3060    .text               c_w.l(heapauxi.o)
    0x0800049c   0x0800049c   0x00000002   Code   RO         3064    .text               c_w.l(use_no_semi.o)
    0x0800049e   0x0800049e   0x000000b2   Code   RO         3067    .text               c_w.l(_printf_intcommon.o)
    0x08000550   0x08000550   0x00000024   Code   RO         3069    .text               c_w.l(_printf_char_file.o)
    0x08000574   0x08000574   0x00000030   Code   RO         3087    .text               c_w.l(_printf_char_common.o)
    0x080005a4   0x080005a4   0x00000008   Code   RO         3089    .text               c_w.l(ferror.o)
    0x080005ac   0x080005ac   0x0000004a   Code   RO         3093    .text               c_w.l(sys_stackheap_outer.o)
    0x080005f6   0x080005f6   0x00000012   Code   RO         3097    .text               c_w.l(exit.o)
    0x08000608   0x08000608   0x00000008   Code   RO         3105    .text               c_w.l(libspace.o)
    0x08000610   0x08000610   0x00000004   Code   RO          226    i.BusFault_Handler  stm32f1xx_it.o
    0x08000614   0x08000614   0x00000002   Code   RO          227    i.DebugMon_Handler  stm32f1xx_it.o
    0x08000616   0x08000616   0x00000002   PAD
    0x08000618   0x08000618   0x000000b0   Code   RO         1248    i.HAL_DMA_Abort_IT  stm32f1xx_hal_dma.o
    0x080006c8   0x080006c8   0x00000320   Code   RO         1344    i.HAL_GPIO_Init     stm32f1xx_hal_gpio.o
    0x080009e8   0x080009e8   0x00000010   Code   RO         1346    i.HAL_GPIO_ReadPin  stm32f1xx_hal_gpio.o
    0x080009f8   0x080009f8   0x0000000c   Code   RO         1348    i.HAL_GPIO_WritePin  stm32f1xx_hal_gpio.o
    0x08000a04   0x08000a04   0x0000000c   Code   RO          961    i.HAL_GetTick       stm32f1xx_hal.o
    0x08000a10   0x08000a10   0x00000018   Code   RO          967    i.HAL_IncTick       stm32f1xx_hal.o
    0x08000a28   0x08000a28   0x00000028   Code   RO          968    i.HAL_Init          stm32f1xx_hal.o
    0x08000a50   0x08000a50   0x0000004c   Code   RO          969    i.HAL_InitTick      stm32f1xx_hal.o
    0x08000a9c   0x08000a9c   0x00000002   Code   RO          971    i.HAL_MspInit       stm32f1xx_hal.o
    0x08000a9e   0x08000a9e   0x00000020   Code   RO         1126    i.HAL_NVIC_EnableIRQ  stm32f1xx_hal_cortex.o
    0x08000abe   0x08000abe   0x0000007c   Code   RO         1132    i.HAL_NVIC_SetPriority  stm32f1xx_hal_cortex.o
    0x08000b3a   0x08000b3a   0x00000002   PAD
    0x08000b3c   0x08000b3c   0x00000028   Code   RO         1133    i.HAL_NVIC_SetPriorityGrouping  stm32f1xx_hal_cortex.o
    0x08000b64   0x08000b64   0x0000018c   Code   RO         1444    i.HAL_RCC_ClockConfig  stm32f1xx_hal_rcc.o
    0x08000cf0   0x08000cf0   0x0000000c   Code   RO         1449    i.HAL_RCC_GetHCLKFreq  stm32f1xx_hal_rcc.o
    0x08000cfc   0x08000cfc   0x00000020   Code   RO         1451    i.HAL_RCC_GetPCLK1Freq  stm32f1xx_hal_rcc.o
    0x08000d1c   0x08000d1c   0x00000020   Code   RO         1452    i.HAL_RCC_GetPCLK2Freq  stm32f1xx_hal_rcc.o
    0x08000d3c   0x08000d3c   0x00000094   Code   RO         1453    i.HAL_RCC_GetSysClockFreq  stm32f1xx_hal_rcc.o
    0x08000dd0   0x08000dd0   0x00000464   Code   RO         1456    i.HAL_RCC_OscConfig  stm32f1xx_hal_rcc.o
    0x08001234   0x08001234   0x00000034   Code   RO         1137    i.HAL_SYSTICK_Config  stm32f1xx_hal_cortex.o
    0x08001268   0x08001268   0x00000002   Code   RO         1607    i.HAL_UART_ErrorCallback  stm32f1xx_hal_uart.o
    0x0800126a   0x0800126a   0x00000002   PAD
    0x0800126c   0x0800126c   0x00000154   Code   RO         1610    i.HAL_UART_IRQHandler  stm32f1xx_hal_uart.o
    0x080013c0   0x080013c0   0x00000072   Code   RO         1611    i.HAL_UART_Init     stm32f1xx_hal_uart.o
    0x08001432   0x08001432   0x00000002   PAD
    0x08001434   0x08001434   0x000000b4   Code   RO          559    i.HAL_UART_MspInit  usart.o
    0x080014e8   0x080014e8   0x00000070   Code   RO         1616    i.HAL_UART_Receive_IT  stm32f1xx_hal_uart.o
    0x08001558   0x08001558   0x0000009c   Code   RO          560    i.HAL_UART_RxCpltCallback  usart.o
    0x080015f4   0x080015f4   0x00000002   Code   RO         1622    i.HAL_UART_TxCpltCallback  stm32f1xx_hal_uart.o
    0x080015f6   0x080015f6   0x00000004   Code   RO          228    i.HardFault_Handler  stm32f1xx_it.o
    0x080015fa   0x080015fa   0x00000004   Code   RO          229    i.MemManage_Handler  stm32f1xx_it.o
    0x080015fe   0x080015fe   0x00000002   Code   RO          230    i.NMI_Handler       stm32f1xx_it.o
    0x08001600   0x08001600   0x00000002   Code   RO          231    i.PendSV_Handler    stm32f1xx_it.o
    0x08001602   0x08001602   0x00000002   PAD
    0x08001604   0x08001604   0x00000028   Code   RO         1457    i.RCC_Delay         stm32f1xx_hal_rcc.o
    0x0800162c   0x0800162c   0x00000002   Code   RO          232    i.SVC_Handler       stm32f1xx_it.o
    0x0800162e   0x0800162e   0x00000008   Code   RO          233    i.SysTick_Handler   stm32f1xx_it.o
    0x08001636   0x08001636   0x00000002   Code   RO          305    i.SystemInit        system_stm32f1xx.o
    0x08001638   0x08001638   0x00000014   Code   RO         1624    i.UART_DMAAbortOnError  stm32f1xx_hal_uart.o
    0x0800164c   0x0800164c   0x00000020   Code   RO         1634    i.UART_EndRxTransfer  stm32f1xx_hal_uart.o
    0x0800166c   0x0800166c   0x00000020   Code   RO         1635    i.UART_EndTransmit_IT  stm32f1xx_hal_uart.o
    0x0800168c   0x0800168c   0x000000a0   Code   RO         1637    i.UART_Receive_IT   stm32f1xx_hal_uart.o
    0x0800172c   0x0800172c   0x000000fc   Code   RO         1638    i.UART_SetConfig    stm32f1xx_hal_uart.o
    0x08001828   0x08001828   0x00000060   Code   RO         1639    i.UART_Transmit_IT  stm32f1xx_hal_uart.o
    0x08001888   0x08001888   0x00000010   Code   RO          561    i.USART1_IRQHandler  usart.o
    0x08001898   0x08001898   0x00000004   Code   RO          234    i.UsageFault_Handler  stm32f1xx_it.o
    0x0800189c   0x0800189c   0x00000010   Code   RO         1139    i.__NVIC_GetPriorityGrouping  stm32f1xx_hal_cortex.o
    0x080018ac   0x080018ac   0x00000028   Code   RO         1140    i.__NVIC_SetPriority  stm32f1xx_hal_cortex.o
    0x080018d4   0x080018d4   0x0000000e   Code   RO         3045    i._is_digit         c_w.l(__printf_wp.o)
    0x080018e2   0x080018e2   0x00000004   Code   RO          563    i._sys_exit         usart.o
    0x080018e6   0x080018e6   0x00000002   PAD
    0x080018e8   0x080018e8   0x0000000c   Code   RO          440    i.delay_init        delay.o
    0x080018f4   0x080018f4   0x00000012   Code   RO          441    i.delay_ms          delay.o
    0x08001906   0x08001906   0x00000002   PAD
    0x08001908   0x08001908   0x00000048   Code   RO          442    i.delay_us          delay.o
    0x08001950   0x08001950   0x0000001c   Code   RO          565    i.fputc             usart.o
    0x0800196c   0x0800196c   0x00000098   Code   RO           13    i.main              main.o
    0x08001a04   0x08001a04   0x00000074   Code   RO          792    i.mpu6050_getdata   mpu6050.o
    0x08001a78   0x08001a78   0x000000ac   Code   RO          793    i.mpu6050_init      mpu6050.o
    0x08001b24   0x08001b24   0x0000005e   Code   RO          794    i.mpu6050_receivebyte  mpu6050.o
    0x08001b82   0x08001b82   0x00000078   Code   RO          795    i.mpu6050_receivemultibytes  mpu6050.o
    0x08001bfa   0x08001bfa   0x00000054   Code   RO          796    i.mpu6050_sendbyte  mpu6050.o
    0x08001c4e   0x08001c4e   0x0000000a   Code   RO          636    i.mpu_iic_delay     mpu_iic.o
    0x08001c58   0x08001c58   0x00000080   Code   RO          637    i.mpu_iic_init      mpu_iic.o
    0x08001cd8   0x08001cd8   0x00000064   Code   RO          638    i.mpu_iic_rec_byte  mpu_iic.o
    0x08001d3c   0x08001d3c   0x00000054   Code   RO          639    i.mpu_iic_send_ack  mpu_iic.o
    0x08001d90   0x08001d90   0x00000074   Code   RO          640    i.mpu_iic_send_byte  mpu_iic.o
    0x08001e04   0x08001e04   0x00000044   Code   RO          641    i.mpu_iic_send_nack  mpu_iic.o
    0x08001e48   0x08001e48   0x00000040   Code   RO          642    i.mpu_iic_start     mpu_iic.o
    0x08001e88   0x08001e88   0x00000044   Code   RO          643    i.mpu_iic_stop      mpu_iic.o
    0x08001ecc   0x08001ecc   0x0000005c   Code   RO          644    i.mpu_iic_wait_ack  mpu_iic.o
    0x08001f28   0x08001f28   0x0000000a   Code   RO          717    i.ol_iic_delay      ol_iic.o
    0x08001f32   0x08001f32   0x00000002   PAD
    0x08001f34   0x08001f34   0x00000080   Code   RO          718    i.ol_iic_init       ol_iic.o
    0x08001fb4   0x08001fb4   0x00000074   Code   RO          721    i.ol_iic_send_byte  ol_iic.o
    0x08002028   0x08002028   0x00000040   Code   RO          723    i.ol_iic_start      ol_iic.o
    0x08002068   0x08002068   0x00000044   Code   RO          724    i.ol_iic_stop       ol_iic.o
    0x080020ac   0x080020ac   0x0000005c   Code   RO          725    i.ol_iic_wait_ack   ol_iic.o
    0x08002108   0x08002108   0x0000002a   Code   RO          862    i.oled_clear        oled.o
    0x08002132   0x08002132   0x0000009e   Code   RO          863    i.oled_init         oled.o
    0x080021d0   0x080021d0   0x00000022   Code   RO          864    i.oled_setcursor    oled.o
    0x080021f2   0x080021f2   0x00000002   PAD
    0x080021f4   0x080021f4   0x00000098   Code   RO          865    i.oled_showchar     oled.o
    0x0800228c   0x0800228c   0x0000002e   Code   RO          866    i.oled_showstring   oled.o
    0x080022ba   0x080022ba   0x0000003e   Code   RO          867    i.oled_writecommand  oled.o
    0x080022f8   0x080022f8   0x0000003e   Code   RO          868    i.oled_writedata    oled.o
    0x08002336   0x08002336   0x00000066   Code   RO          492    i.sys_stm32_clock_init  sys.o
    0x0800239c   0x0800239c   0x00000038   Code   RO          566    i.usart_init        usart.o
    0x080023d4   0x080023d4   0x00000018   Data   RO          306    .constdata          system_stm32f1xx.o
    0x080023ec   0x080023ec   0x0000094d   Data   RO          935    .constdata          oled_data.o
    0x08002d39   0x08002d39   0x00000028   Data   RO         3018    .constdata          c_w.l(_printf_hex_int.o)
    0x08002d61   0x08002d61   0x00000011   Data   RO         3048    .constdata          c_w.l(__printf_flags_wp.o)
    0x08002d72   0x08002d72   0x00000002   PAD
    0x08002d74   0x08002d74   0x00000020   Data   RO         3225    Region$$Table       anon$$obj.o


    Execution Region RW_IRAM1 (Exec base: 0x20000000, Load base: 0x08002d94, Size: 0x00000790, Max: 0x00005000, ABSOLUTE)

    Exec Addr    Load Addr    Size         Type   Attr      Idx    E Section Name        Object

    0x20000000   0x08002d94   0x0000000c   Data   RW           14    .data               main.o
    0x2000000c   0x08002da0   0x00000004   Data   RW          307    .data               system_stm32f1xx.o
    0x20000010   0x08002da4   0x00000004   Data   RW          443    .data               delay.o
    0x20000014   0x08002da8   0x00000007   Data   RW          568    .data               usart.o
    0x2000001b   0x08002daf   0x00000001   PAD
    0x2000001c   0x08002db0   0x00000009   Data   RW          975    .data               stm32f1xx_hal.o
    0x20000025   0x08002db9   0x00000003   PAD
    0x20000028        -       0x00000108   Zero   RW          567    .bss                usart.o
    0x20000130        -       0x00000060   Zero   RW         3106    .bss                c_w.l(libspace.o)
    0x20000190        -       0x00000200   Zero   RW            2    HEAP                startup_stm32f101xb.o
    0x20000390        -       0x00000400   Zero   RW            1    STACK               startup_stm32f101xb.o


==============================================================================

Image component sizes


      Code (inc. data)   RO Data    RW Data    ZI Data      Debug   Object Name

       102         10          0          4          0       1755   delay.o
       152         44          0         12          0       8742   main.o
       586         96          0          0          0       3662   mpu6050.o
       730         40          0          0          0       5027   mpu_iic.o
       478         28          0          0          0       3399   ol_iic.o
       556          8          0          0          0       4273   oled.o
         0          0       2381          0          0       1098   oled_data.o
        64         26        232          0       1536        912   startup_stm32f101xb.o
       154         32          0          9          0       5595   stm32f1xx_hal.o
       304         22          0          0          0      29295   stm32f1xx_hal_cortex.o
       176          4          0          0          0       1055   stm32f1xx_hal_dma.o
       828         34          0          0          0       3239   stm32f1xx_hal_gpio.o
      1784        110          0          0          0       5856   stm32f1xx_hal_rcc.o
      1162         10          0          0          0       7467   stm32f1xx_hal_uart.o
        32          0          0          0          0       3690   stm32f1xx_it.o
       102          0          0          0          0        687   sys.o
         2          0         24          4          0     388515   system_stm32f1xx.o
       440         56          0          7        264       5233   usart.o

    ----------------------------------------------------------------------
      7670        520       2669         40       1800     479500   Object Totals
         0          0         32          0          0          0   (incl. Generated)
        18          0          0          4          0          0   (incl. Padding)

    ----------------------------------------------------------------------

      Code (inc. data)   RO Data    RW Data    ZI Data      Debug   Library Member Name

         8          0          0          0          0         68   __main.o
       312          4         17          0          0         92   __printf_flags_wp.o
        14          0          0          0          0         68   __printf_wp.o
         0          0          0          0          0          0   __rtentry.o
        12          0          0          0          0          0   __rtentry2.o
         6          0          0          0          0          0   __rtentry4.o
        52          8          0          0          0          0   __scatter.o
        26          0          0          0          0          0   __scatter_copy.o
        28          0          0          0          0          0   __scatter_zi.o
        48          6          0          0          0         96   _printf_char_common.o
        36          4          0          0          0         80   _printf_char_file.o
         6          0          0          0          0          0   _printf_d.o
       120         16          0          0          0         92   _printf_dec.o
        88          4         40          0          0         88   _printf_hex_int.o
       178          0          0          0          0         88   _printf_intcommon.o
        78          0          0          0          0        108   _printf_pad.o
         0          0          0          0          0          0   _printf_percent.o
         4          0          0          0          0          0   _printf_percent_end.o
         6          0          0          0          0          0   _printf_x.o
        18          0          0          0          0         80   exit.o
         8          0          0          0          0         68   ferror.o
         6          0          0          0          0        152   heapauxi.o
         2          0          0          0          0          0   libinit.o
         2          0          0          0          0          0   libinit2.o
         2          0          0          0          0          0   libshutdown.o
         2          0          0          0          0          0   libshutdown2.o
         8          4          0          0         96         68   libspace.o
        24          4          0          0          0         84   noretval__2printf.o
        78          0          0          0          0         80   rt_memclr_w.o
         2          0          0          0          0          0   rtexit.o
        10          0          0          0          0          0   rtexit2.o
        74          0          0          0          0         80   sys_stackheap_outer.o
         2          0          0          0          0         68   use_no_semi.o
         2          0          0          0          0         68   use_no_semi_2.o

    ----------------------------------------------------------------------
      1270         50         59          0         96       1528   Library Totals
         8          0          2          0          0          0   (incl. Padding)

    ----------------------------------------------------------------------

      Code (inc. data)   RO Data    RW Data    ZI Data      Debug   Library Name

      1262         50         57          0         96       1528   c_w.l

    ----------------------------------------------------------------------
      1270         50         59          0         96       1528   Library Totals

    ----------------------------------------------------------------------

==============================================================================


      Code (inc. data)   RO Data    RW Data    ZI Data      Debug   

      8940        570       2728         40       1896     476344   Grand Totals
      8940        570       2728         40       1896     476344   ELF Image Totals
      8940        570       2728         40          0          0   ROM Totals

==============================================================================

    Total RO  Size (Code + RO Data)                11668 (  11.39kB)
    Total RW  Size (RW Data + ZI Data)              1936 (   1.89kB)
    Total ROM Size (Code + RO Data + RW Data)      11708 (  11.43kB)

==============================================================================

